Archive member included because of file (symbol)

../../BSP/Debug\libBSP.a(iis.o)
                              ./lab9-efectos.o (iis_init)
../../BSP/Debug\libBSP.a(pbs.o)
                              ./lab9-efectos.o (pbs_init)
../../BSP/Debug\libBSP.a(segs.o)
                              ./lab9-efectos.o (segs_init)
../../BSP/Debug\libBSP.a(system.o)
                              ./lab9-efectos.o (sys_init)
../../BSP/Debug\libBSP.a(timers.o)
                              ../../BSP/Debug\libBSP.a(pbs.o) (timers_init)
../../BSP/Debug\libBSP.a(uart.o)
                              ./lab9-efectos.o (uart0_init)
../../BSP/Debug\libBSP.a(uda1341ts.o)
                              ./lab9-efectos.o (uda1341ts_init)
../../BSP/Debug\libBSP.a(dma.o)
                              ../../BSP/Debug\libBSP.a(iis.o) (bdma0_init)
../../BSP/Debug\libBSP.a(l3.o)
                              ../../BSP/Debug\libBSP.a(uda1341ts.o) (L3_init)
../../BSP/Debug\libBSP.a(leds.o)
                              ../../BSP/Debug\libBSP.a(l3.o) (led_status)
c:/hlocal/eclipsearm/sourcery/bin/../lib/gcc/arm-none-eabi/4.5.2\libgcc.a(_udivsi3.o)
                              ../../BSP/Debug\libBSP.a(timers.o) (__aeabi_uidiv)
c:/hlocal/eclipsearm/sourcery/bin/../lib/gcc/arm-none-eabi/4.5.2\libgcc.a(_dvmd_tls.o)
                              c:/hlocal/eclipsearm/sourcery/bin/../lib/gcc/arm-none-eabi/4.5.2\libgcc.a(_udivsi3.o) (__aeabi_idiv0)
c:/hlocal/eclipsearm/sourcery/bin/../lib/gcc/arm-none-eabi/4.5.2\libgcc.a(_aeabi_uldivmod.o)
                              ../../BSP/Debug\libBSP.a(timers.o) (__aeabi_uldivmod)
c:/hlocal/eclipsearm/sourcery/bin/../lib/gcc/arm-none-eabi/4.5.2\libgcc.a(bpabi.o)
                              c:/hlocal/eclipsearm/sourcery/bin/../lib/gcc/arm-none-eabi/4.5.2\libgcc.a(_aeabi_uldivmod.o) (__gnu_uldivmod_helper)
c:/hlocal/eclipsearm/sourcery/bin/../lib/gcc/arm-none-eabi/4.5.2\libgcc.a(_divdi3.o)
                              c:/hlocal/eclipsearm/sourcery/bin/../lib/gcc/arm-none-eabi/4.5.2\libgcc.a(bpabi.o) (__divdi3)
c:/hlocal/eclipsearm/sourcery/bin/../lib/gcc/arm-none-eabi/4.5.2\libgcc.a(_udivdi3.o)
                              c:/hlocal/eclipsearm/sourcery/bin/../lib/gcc/arm-none-eabi/4.5.2\libgcc.a(bpabi.o) (__udivdi3)
c:/hlocal/eclipsearm/sourcery/bin/../lib/gcc/arm-none-eabi/4.5.2\libgcc.a(_clzsi2.o)
                              c:/hlocal/eclipsearm/sourcery/bin/../lib/gcc/arm-none-eabi/4.5.2\libgcc.a(_divdi3.o) (__clzsi2)

Allocating common symbols
Common symbol       size              file

buffer              0x9c400           ./lab9-efectos.o
delay_buffer        0x1f406           ./lab9-efectos.o

Memory Configuration

Name             Origin             Length             Attributes
*default*        0x00000000         0xffffffff

Linker script and memory map

LOAD ./lab9-efectos.o
LOAD ../../BSP/Debug\libBSP.a
START GROUP
LOAD c:/hlocal/eclipsearm/sourcery/bin/../lib/gcc/arm-none-eabi/4.5.2\libgcc.a
LOAD c:/hlocal/eclipsearm/sourcery/bin/../lib/gcc/arm-none-eabi/4.5.2/../../../../arm-none-eabi/lib\libc.a
END GROUP
                0x0c100000                . = 0xc100000

.text           0x0c100000     0x4834
 *(.text)
 .text          0x0c100000      0xf88 ./lab9-efectos.o
                0x0c100000                main
                0x0c100d38                audiodelay_init
                0x0c100df4                audiodelay_put
                0x0c100ebc                audiodelay_get
 .text          0x0c100f88      0x6d8 ../../BSP/Debug\libBSP.a(iis.o)
                0x0c100f88                iis_init
                0x0c1010c0                iis_putSample
                0x0c101128                iis_getSample
                0x0c10119c                iis_play
                0x0c101330                iis_rec
                0x0c1014b0                iis_pause
                0x0c1014f0                iis_continue
                0x0c101530                iis_status
                0x0c101558                iis_playwawFile
 .text          0x0c101660      0x5c8 ../../BSP/Debug\libBSP.a(pbs.o)
                0x0c101660                pbs_init
                0x0c10167c                pb_scan
                0x0c1016d8                pb_status
                0x0c10175c                pb_wait_keydown
                0x0c1017c4                pb_wait_keyup
                0x0c10186c                pb_wait_any_keydown
                0x0c1018b4                pb_wait_any_keyup
                0x0c101930                pb_getchar
                0x0c1019cc                pb_getchartime
                0x0c101a88                pb_timeout_getchar
                0x0c101b7c                pbs_open
                0x0c101be4                pbs_close
 .text          0x0c101c28       0xd4 ../../BSP/Debug\libBSP.a(segs.o)
                0x0c101c28                segs_init
                0x0c101c44                segs_off
                0x0c101c7c                segs_putchar
                0x0c101cd4                segs_status
 .text          0x0c101cfc      0x970 ../../BSP/Debug\libBSP.a(system.o)
                0x0c101cfc                sys_init
                0x0c1020a4                isr_SWI_dummy
                0x0c1020d0                isr_UNDEF_dummy
                0x0c1020fc                isr_IRQ_dummy
                0x0c102128                isr_FIQ_dummy
                0x0c102154                isr_PABORT_dummy
                0x0c102180                isr_DABORT_dummy
                0x0c1021ac                isr_ADC_dummy
                0x0c1021d8                isr_RTC_dummy
                0x0c102204                isr_UTXD1_dummy
                0x0c102230                isr_UTXD0_dummy
                0x0c10225c                isr_SIO_dummy
                0x0c102288                isr_IIC_dummy
                0x0c1022b4                isr_URXD1_dummy
                0x0c1022e0                isr_URXD0_dummy
                0x0c10230c                isr_TIMER5_dummy
                0x0c102338                isr_TIMER4_dummy
                0x0c102364                isr_TIMER3_dummy
                0x0c102390                isr_TIMER2_dummy
                0x0c1023bc                isr_TIMER1_dummy
                0x0c1023e8                isr_TIMER0_dummy
                0x0c102414                isr_UERR01_dummy
                0x0c102440                isr_WDT_dummy
                0x0c10246c                isr_BDMA1_dummy
                0x0c102498                isr_BDMA0_dummy
                0x0c1024c4                isr_ZDMA1_dummy
                0x0c1024f0                isr_ZDMA0_dummy
                0x0c10251c                isr_TICK_dummy
                0x0c102548                isr_PB_dummy
                0x0c102574                isr_ETHERNET_dummy
                0x0c1025a0                isr_TS_dummy
                0x0c1025cc                isr_KEYPAD_dummy
                0x0c1025f8                isr_USB_dummy
                0x0c10263c                sleep
 .text          0x0c10266c      0xa18 ../../BSP/Debug\libBSP.a(timers.o)
                0x0c10266c                timers_init
                0x0c10282c                timer3_delay_ms
                0x0c102910                sw_delay_ms
                0x0c102968                timer3_delay_s
                0x0c102a54                sw_delay_s
                0x0c102aac                timer3_start
                0x0c102b5c                timer3_stop
                0x0c102bb0                timer3_start_timeout
                0x0c102c68                timer3_timeout
                0x0c102ca4                timer0_open_tick
                0x0c102ef0                timer0_open_ms
                0x0c102fec                timer0_close
 .text          0x0c103084      0x4c4 ../../BSP/Debug\libBSP.a(uart.o)
                0x0c103084                uart0_init
                0x0c1030e8                uart0_putchar
                0x0c103138                uart0_getchar
                0x0c103180                uart0_puts
                0x0c1031d0                uart0_putint
                0x0c1032dc                uart0_puthex
                0x0c103394                uart0_gets
                0x0c103404                uart0_getint
                0x0c1034ac                uart0_gethex
 .text          0x0c103548      0x270 ../../BSP/Debug\libBSP.a(uda1341ts.o)
                0x0c103548                uda1341ts_init
                0x0c1035c4                uda1341ts_mute
                0x0c10361c                uda1341ts_on
                0x0c10368c                uda1341ts_off
                0x0c1036fc                uda1341ts_status
                0x0c103730                uda1341ts_setvol
                0x0c103790                uda1341ts_getvol
 .text          0x0c1037b8       0xfc ../../BSP/Debug\libBSP.a(dma.o)
                0x0c1037b8                bdma0_init
                0x0c10380c                bdma0_open
                0x0c103870                bdma0_close
 .text          0x0c1038b4      0x26c ../../BSP/Debug\libBSP.a(l3.o)
                0x0c1038b4                L3_init
                0x0c10395c                L3_putByte
 .text          0x0c103b20      0x21c ../../BSP/Debug\libBSP.a(leds.o)
                0x0c103b20                leds_init
                0x0c103b48                led_on
                0x0c103bcc                led_off
                0x0c103c50                led_toggle
                0x0c103ce8                led_status
 .text          0x0c103d3c      0x114 c:/hlocal/eclipsearm/sourcery/bin/../lib/gcc/arm-none-eabi/4.5.2\libgcc.a(_udivsi3.o)
                0x0c103d3c                __aeabi_uidiv
                0x0c103d3c                __udivsi3
                0x0c103e30                __aeabi_uidivmod
 .text          0x0c103e50        0x4 c:/hlocal/eclipsearm/sourcery/bin/../lib/gcc/arm-none-eabi/4.5.2\libgcc.a(_dvmd_tls.o)
                0x0c103e50                __aeabi_idiv0
                0x0c103e50                __aeabi_ldiv0
 .text          0x0c103e54       0x3c c:/hlocal/eclipsearm/sourcery/bin/../lib/gcc/arm-none-eabi/4.5.2\libgcc.a(_aeabi_uldivmod.o)
                0x0c103e54                __aeabi_uldivmod
 .text          0x0c103e90       0x80 c:/hlocal/eclipsearm/sourcery/bin/../lib/gcc/arm-none-eabi/4.5.2\libgcc.a(bpabi.o)
                0x0c103e90                __gnu_ldivmod_helper
                0x0c103ed0                __gnu_uldivmod_helper
 .text          0x0c103f10      0x4a8 c:/hlocal/eclipsearm/sourcery/bin/../lib/gcc/arm-none-eabi/4.5.2\libgcc.a(_divdi3.o)
                0x0c103f10                __divdi3
 .text          0x0c1043b8      0x434 c:/hlocal/eclipsearm/sourcery/bin/../lib/gcc/arm-none-eabi/4.5.2\libgcc.a(_udivdi3.o)
                0x0c1043b8                __udivdi3
 .text          0x0c1047ec       0x48 c:/hlocal/eclipsearm/sourcery/bin/../lib/gcc/arm-none-eabi/4.5.2\libgcc.a(_clzsi2.o)
                0x0c1047ec                __clzsi2

.glue_7         0x0c104834        0x0
 .glue_7        0x00000000        0x0 linker stubs

.glue_7t        0x0c104834        0x0
 .glue_7t       0x00000000        0x0 linker stubs

.vfp11_veneer   0x0c104834        0x0
 .vfp11_veneer  0x00000000        0x0 linker stubs

.v4_bx          0x0c104834        0x0
 .v4_bx         0x00000000        0x0 linker stubs

.rodata         0x0c104834      0x908
 *(.rodata)
 .rodata        0x0c104834      0x320 ./lab9-efectos.o
 .rodata        0x0c104b54       0x10 ../../BSP/Debug\libBSP.a(segs.o)
 .rodata        0x0c104b64      0x5d8 ../../BSP/Debug\libBSP.a(system.o)

.ARM.extab      0x0c10513c        0x0
 .ARM.extab     0x0c10513c        0x0 c:/hlocal/eclipsearm/sourcery/bin/../lib/gcc/arm-none-eabi/4.5.2\libgcc.a(_divdi3.o)
 .ARM.extab     0x0c10513c        0x0 c:/hlocal/eclipsearm/sourcery/bin/../lib/gcc/arm-none-eabi/4.5.2\libgcc.a(_udivdi3.o)

.ARM.exidx      0x0c10513c        0x8
 .ARM.exidx     0x0c10513c        0x8 c:/hlocal/eclipsearm/sourcery/bin/../lib/gcc/arm-none-eabi/4.5.2\libgcc.a(_divdi3.o)
 .ARM.exidx     0x0c105144        0x0 c:/hlocal/eclipsearm/sourcery/bin/../lib/gcc/arm-none-eabi/4.5.2\libgcc.a(_udivdi3.o)
                                  0x8 (size before relaxing)

.data           0x0c105144       0xd8
 *(.data)
 .data          0x0c105144       0xd8 ./lab9-efectos.o
                0x0c105144                triangle
                0x0c10518c                square
                0x0c1051d4                sine
 .data          0x0c10521c        0x0 ../../BSP/Debug\libBSP.a(iis.o)
 .data          0x0c10521c        0x0 ../../BSP/Debug\libBSP.a(pbs.o)
 .data          0x0c10521c        0x0 ../../BSP/Debug\libBSP.a(segs.o)
 .data          0x0c10521c        0x0 ../../BSP/Debug\libBSP.a(system.o)
 .data          0x0c10521c        0x0 ../../BSP/Debug\libBSP.a(timers.o)
 .data          0x0c10521c        0x0 ../../BSP/Debug\libBSP.a(uart.o)
 .data          0x0c10521c        0x0 ../../BSP/Debug\libBSP.a(uda1341ts.o)
 .data          0x0c10521c        0x0 ../../BSP/Debug\libBSP.a(dma.o)
 .data          0x0c10521c        0x0 ../../BSP/Debug\libBSP.a(l3.o)
 .data          0x0c10521c        0x0 ../../BSP/Debug\libBSP.a(leds.o)
 .data          0x0c10521c        0x0 c:/hlocal/eclipsearm/sourcery/bin/../lib/gcc/arm-none-eabi/4.5.2\libgcc.a(_udivsi3.o)
 .data          0x0c10521c        0x0 c:/hlocal/eclipsearm/sourcery/bin/../lib/gcc/arm-none-eabi/4.5.2\libgcc.a(_dvmd_tls.o)
 .data          0x0c10521c        0x0 c:/hlocal/eclipsearm/sourcery/bin/../lib/gcc/arm-none-eabi/4.5.2\libgcc.a(_aeabi_uldivmod.o)
 .data          0x0c10521c        0x0 c:/hlocal/eclipsearm/sourcery/bin/../lib/gcc/arm-none-eabi/4.5.2\libgcc.a(bpabi.o)
 .data          0x0c10521c        0x0 c:/hlocal/eclipsearm/sourcery/bin/../lib/gcc/arm-none-eabi/4.5.2\libgcc.a(_divdi3.o)
 .data          0x0c10521c        0x0 c:/hlocal/eclipsearm/sourcery/bin/../lib/gcc/arm-none-eabi/4.5.2\libgcc.a(_udivdi3.o)
 .data          0x0c10521c        0x0 c:/hlocal/eclipsearm/sourcery/bin/../lib/gcc/arm-none-eabi/4.5.2\libgcc.a(_clzsi2.o)

.bss            0x0c10521c    0xbb816
 *(.bss)
 .bss           0x0c10521c        0x0 ./lab9-efectos.o
 .bss           0x0c10521c        0x2 ../../BSP/Debug\libBSP.a(iis.o)
 .bss           0x0c10521e        0x0 ../../BSP/Debug\libBSP.a(pbs.o)
 .bss           0x0c10521e        0x1 ../../BSP/Debug\libBSP.a(segs.o)
 .bss           0x0c10521f        0x0 ../../BSP/Debug\libBSP.a(system.o)
 *fill*         0x0c10521f        0x1 00
 .bss           0x0c105220        0x8 ../../BSP/Debug\libBSP.a(timers.o)
 .bss           0x0c105228        0x0 ../../BSP/Debug\libBSP.a(uart.o)
 .bss           0x0c105228        0x2 ../../BSP/Debug\libBSP.a(uda1341ts.o)
 .bss           0x0c10522a        0x0 ../../BSP/Debug\libBSP.a(dma.o)
 .bss           0x0c10522a        0x0 ../../BSP/Debug\libBSP.a(l3.o)
 .bss           0x0c10522a        0x2 ../../BSP/Debug\libBSP.a(leds.o)
 .bss           0x0c10522c        0x0 c:/hlocal/eclipsearm/sourcery/bin/../lib/gcc/arm-none-eabi/4.5.2\libgcc.a(_udivsi3.o)
 .bss           0x0c10522c        0x0 c:/hlocal/eclipsearm/sourcery/bin/../lib/gcc/arm-none-eabi/4.5.2\libgcc.a(_dvmd_tls.o)
 .bss           0x0c10522c        0x0 c:/hlocal/eclipsearm/sourcery/bin/../lib/gcc/arm-none-eabi/4.5.2\libgcc.a(_aeabi_uldivmod.o)
 .bss           0x0c10522c        0x0 c:/hlocal/eclipsearm/sourcery/bin/../lib/gcc/arm-none-eabi/4.5.2\libgcc.a(bpabi.o)
 .bss           0x0c10522c        0x0 c:/hlocal/eclipsearm/sourcery/bin/../lib/gcc/arm-none-eabi/4.5.2\libgcc.a(_divdi3.o)
 .bss           0x0c10522c        0x0 c:/hlocal/eclipsearm/sourcery/bin/../lib/gcc/arm-none-eabi/4.5.2\libgcc.a(_udivdi3.o)
 .bss           0x0c10522c        0x0 c:/hlocal/eclipsearm/sourcery/bin/../lib/gcc/arm-none-eabi/4.5.2\libgcc.a(_clzsi2.o)
 COMMON         0x0c10522c    0xbb806 ./lab9-efectos.o
                0x0c10522c                buffer
                0x0c1a162c                delay_buffer
                0x0c1c0a32                end = .
OUTPUT(lab9-efectos.elf elf32-littlearm)

.debug_abbrev   0x00000000      0x858
 .debug_abbrev  0x00000000      0x12c ./lab9-efectos.o
 .debug_abbrev  0x0000012c       0xd4 ../../BSP/Debug\libBSP.a(iis.o)
 .debug_abbrev  0x00000200       0xd2 ../../BSP/Debug\libBSP.a(pbs.o)
 .debug_abbrev  0x000002d2       0xb3 ../../BSP/Debug\libBSP.a(segs.o)
 .debug_abbrev  0x00000385       0x89 ../../BSP/Debug\libBSP.a(system.o)
 .debug_abbrev  0x0000040e       0xdd ../../BSP/Debug\libBSP.a(timers.o)
 .debug_abbrev  0x000004eb       0xe5 ../../BSP/Debug\libBSP.a(uart.o)
 .debug_abbrev  0x000005d0       0xc2 ../../BSP/Debug\libBSP.a(uda1341ts.o)
 .debug_abbrev  0x00000692       0x84 ../../BSP/Debug\libBSP.a(dma.o)
 .debug_abbrev  0x00000716       0xa6 ../../BSP/Debug\libBSP.a(l3.o)
 .debug_abbrev  0x000007bc       0x9c ../../BSP/Debug\libBSP.a(leds.o)

.debug_info     0x00000000     0x16b6
 .debug_info    0x00000000      0x32c ./lab9-efectos.o
 .debug_info    0x0000032c      0x29c ../../BSP/Debug\libBSP.a(iis.o)
 .debug_info    0x000005c8      0x240 ../../BSP/Debug\libBSP.a(pbs.o)
 .debug_info    0x00000808      0x10d ../../BSP/Debug\libBSP.a(segs.o)
 .debug_info    0x00000915      0x38d ../../BSP/Debug\libBSP.a(system.o)
 .debug_info    0x00000ca2      0x29d ../../BSP/Debug\libBSP.a(timers.o)
 .debug_info    0x00000f3f      0x278 ../../BSP/Debug\libBSP.a(uart.o)
 .debug_info    0x000011b7      0x188 ../../BSP/Debug\libBSP.a(uda1341ts.o)
 .debug_info    0x0000133f       0xc7 ../../BSP/Debug\libBSP.a(dma.o)
 .debug_info    0x00001406      0x15d ../../BSP/Debug\libBSP.a(l3.o)
 .debug_info    0x00001563      0x153 ../../BSP/Debug\libBSP.a(leds.o)

.debug_line     0x00000000      0xc98
 .debug_line    0x00000000      0x240 ./lab9-efectos.o
 .debug_line    0x00000240      0x128 ../../BSP/Debug\libBSP.a(iis.o)
 .debug_line    0x00000368      0x18d ../../BSP/Debug\libBSP.a(pbs.o)
 .debug_line    0x000004f5       0x93 ../../BSP/Debug\libBSP.a(segs.o)
 .debug_line    0x00000588      0x1d8 ../../BSP/Debug\libBSP.a(system.o)
 .debug_line    0x00000760      0x17f ../../BSP/Debug\libBSP.a(timers.o)
 .debug_line    0x000008df      0x115 ../../BSP/Debug\libBSP.a(uart.o)
 .debug_line    0x000009f4       0xa2 ../../BSP/Debug\libBSP.a(uda1341ts.o)
 .debug_line    0x00000a96       0x90 ../../BSP/Debug\libBSP.a(dma.o)
 .debug_line    0x00000b26       0xc2 ../../BSP/Debug\libBSP.a(l3.o)
 .debug_line    0x00000be8       0xb0 ../../BSP/Debug\libBSP.a(leds.o)

.debug_macinfo  0x00000000    0x30b85
 .debug_macinfo
                0x00000000     0x4b56 ./lab9-efectos.o
 .debug_macinfo
                0x00004b56     0x4c95 ../../BSP/Debug\libBSP.a(iis.o)
 .debug_macinfo
                0x000097eb     0x4d0b ../../BSP/Debug\libBSP.a(pbs.o)
 .debug_macinfo
                0x0000e4f6     0x4c77 ../../BSP/Debug\libBSP.a(segs.o)
 .debug_macinfo
                0x0001316d     0x530a ../../BSP/Debug\libBSP.a(system.o)
 .debug_macinfo
                0x00018477     0x4c91 ../../BSP/Debug\libBSP.a(timers.o)
 .debug_macinfo
                0x0001d108     0x430d ../../BSP/Debug\libBSP.a(uart.o)
 .debug_macinfo
                0x00021415     0x244e ../../BSP/Debug\libBSP.a(uda1341ts.o)
 .debug_macinfo
                0x00023863     0x4c64 ../../BSP/Debug\libBSP.a(dma.o)
 .debug_macinfo
                0x000284c7     0x4392 ../../BSP/Debug\libBSP.a(l3.o)
 .debug_macinfo
                0x0002c859     0x432c ../../BSP/Debug\libBSP.a(leds.o)

.debug_loc      0x00000000     0x1238
 .debug_loc     0x00000000       0xb0 ./lab9-efectos.o
 .debug_loc     0x000000b0      0x1b8 ../../BSP/Debug\libBSP.a(iis.o)
 .debug_loc     0x00000268      0x210 ../../BSP/Debug\libBSP.a(pbs.o)
 .debug_loc     0x00000478       0xb0 ../../BSP/Debug\libBSP.a(segs.o)
 .debug_loc     0x00000528      0x65c ../../BSP/Debug\libBSP.a(system.o)
 .debug_loc     0x00000b84      0x23c ../../BSP/Debug\libBSP.a(timers.o)
 .debug_loc     0x00000dc0      0x18c ../../BSP/Debug\libBSP.a(uart.o)
 .debug_loc     0x00000f4c      0x134 ../../BSP/Debug\libBSP.a(uda1341ts.o)
 .debug_loc     0x00001080       0x84 ../../BSP/Debug\libBSP.a(dma.o)
 .debug_loc     0x00001104       0x58 ../../BSP/Debug\libBSP.a(l3.o)
 .debug_loc     0x0000115c       0xdc ../../BSP/Debug\libBSP.a(leds.o)

.debug_pubnames
                0x00000000      0x7ed
 .debug_pubnames
                0x00000000       0x92 ./lab9-efectos.o
 .debug_pubnames
                0x00000092       0x9e ../../BSP/Debug\libBSP.a(iis.o)
 .debug_pubnames
                0x00000130       0xe1 ../../BSP/Debug\libBSP.a(pbs.o)
 .debug_pubnames
                0x00000211       0x4e ../../BSP/Debug\libBSP.a(segs.o)
 .debug_pubnames
                0x0000025f      0x29d ../../BSP/Debug\libBSP.a(system.o)
 .debug_pubnames
                0x000004fc       0xee ../../BSP/Debug\libBSP.a(timers.o)
 .debug_pubnames
                0x000005ea       0xa7 ../../BSP/Debug\libBSP.a(uart.o)
 .debug_pubnames
                0x00000691       0x9a ../../BSP/Debug\libBSP.a(uda1341ts.o)
 .debug_pubnames
                0x0000072b       0x40 ../../BSP/Debug\libBSP.a(dma.o)
 .debug_pubnames
                0x0000076b       0x2d ../../BSP/Debug\libBSP.a(l3.o)
 .debug_pubnames
                0x00000798       0x55 ../../BSP/Debug\libBSP.a(leds.o)

.debug_pubtypes
                0x00000000      0x202
 .debug_pubtypes
                0x00000000       0x55 ./lab9-efectos.o
 .debug_pubtypes
                0x00000055       0x31 ../../BSP/Debug\libBSP.a(iis.o)
 .debug_pubtypes
                0x00000086       0x32 ../../BSP/Debug\libBSP.a(pbs.o)
 .debug_pubtypes
                0x000000b8       0x1c ../../BSP/Debug\libBSP.a(segs.o)
 .debug_pubtypes
                0x000000d4       0x27 ../../BSP/Debug\libBSP.a(system.o)
 .debug_pubtypes
                0x000000fb       0x3d ../../BSP/Debug\libBSP.a(timers.o)
 .debug_pubtypes
                0x00000138       0x3a ../../BSP/Debug\libBSP.a(uart.o)
 .debug_pubtypes
                0x00000172       0x1c ../../BSP/Debug\libBSP.a(uda1341ts.o)
 .debug_pubtypes
                0x0000018e       0x1d ../../BSP/Debug\libBSP.a(dma.o)
 .debug_pubtypes
                0x000001ab       0x30 ../../BSP/Debug\libBSP.a(l3.o)
 .debug_pubtypes
                0x000001db       0x27 ../../BSP/Debug\libBSP.a(leds.o)

.debug_aranges  0x00000000      0x160
 .debug_aranges
                0x00000000       0x20 ./lab9-efectos.o
 .debug_aranges
                0x00000020       0x20 ../../BSP/Debug\libBSP.a(iis.o)
 .debug_aranges
                0x00000040       0x20 ../../BSP/Debug\libBSP.a(pbs.o)
 .debug_aranges
                0x00000060       0x20 ../../BSP/Debug\libBSP.a(segs.o)
 .debug_aranges
                0x00000080       0x20 ../../BSP/Debug\libBSP.a(system.o)
 .debug_aranges
                0x000000a0       0x20 ../../BSP/Debug\libBSP.a(timers.o)
 .debug_aranges
                0x000000c0       0x20 ../../BSP/Debug\libBSP.a(uart.o)
 .debug_aranges
                0x000000e0       0x20 ../../BSP/Debug\libBSP.a(uda1341ts.o)
 .debug_aranges
                0x00000100       0x20 ../../BSP/Debug\libBSP.a(dma.o)
 .debug_aranges
                0x00000120       0x20 ../../BSP/Debug\libBSP.a(l3.o)
 .debug_aranges
                0x00000140       0x20 ../../BSP/Debug\libBSP.a(leds.o)

.debug_str      0x00000000      0x7ec
 .debug_str     0x00000000      0x144 ./lab9-efectos.o
                                0x16a (size before relaxing)
 .debug_str     0x00000144       0xd6 ../../BSP/Debug\libBSP.a(iis.o)
                                0x169 (size before relaxing)
 .debug_str     0x0000021a       0xb5 ../../BSP/Debug\libBSP.a(pbs.o)
                                0x16e (size before relaxing)
 .debug_str     0x000002cf       0x49 ../../BSP/Debug\libBSP.a(segs.o)
                                 0xf4 (size before relaxing)
 .debug_str     0x00000318      0x23d ../../BSP/Debug\libBSP.a(system.o)
                                0x2ef (size before relaxing)
 .debug_str     0x00000555       0xe0 ../../BSP/Debug\libBSP.a(timers.o)
                                0x19e (size before relaxing)
 .debug_str     0x00000635       0x7f ../../BSP/Debug\libBSP.a(uart.o)
                                0x141 (size before relaxing)
 .debug_str     0x000006b4       0x90 ../../BSP/Debug\libBSP.a(uda1341ts.o)
                                0x141 (size before relaxing)
 .debug_str     0x00000744       0x2f ../../BSP/Debug\libBSP.a(dma.o)
                                 0xdb (size before relaxing)
 .debug_str     0x00000773       0x2e ../../BSP/Debug\libBSP.a(l3.o)
                                 0xea (size before relaxing)
 .debug_str     0x000007a1       0x4b ../../BSP/Debug\libBSP.a(leds.o)
                                 0xfd (size before relaxing)

.comment        0x00000000       0x2a
 .comment       0x00000000       0x2a ./lab9-efectos.o
                                 0x2b (size before relaxing)
 .comment       0x00000000       0x2b ../../BSP/Debug\libBSP.a(iis.o)
 .comment       0x00000000       0x2b ../../BSP/Debug\libBSP.a(pbs.o)
 .comment       0x00000000       0x2b ../../BSP/Debug\libBSP.a(segs.o)
 .comment       0x00000000       0x2b ../../BSP/Debug\libBSP.a(system.o)
 .comment       0x00000000       0x2b ../../BSP/Debug\libBSP.a(timers.o)
 .comment       0x00000000       0x2b ../../BSP/Debug\libBSP.a(uart.o)
 .comment       0x00000000       0x2b ../../BSP/Debug\libBSP.a(uda1341ts.o)
 .comment       0x00000000       0x2b ../../BSP/Debug\libBSP.a(dma.o)
 .comment       0x00000000       0x2b ../../BSP/Debug\libBSP.a(l3.o)
 .comment       0x00000000       0x2b ../../BSP/Debug\libBSP.a(leds.o)

.ARM.attributes
                0x00000000       0x32
 .ARM.attributes
                0x00000000       0x32 ./lab9-efectos.o
 .ARM.attributes
                0x00000032       0x32 ../../BSP/Debug\libBSP.a(iis.o)
 .ARM.attributes
                0x00000064       0x32 ../../BSP/Debug\libBSP.a(pbs.o)
 .ARM.attributes
                0x00000096       0x32 ../../BSP/Debug\libBSP.a(segs.o)
 .ARM.attributes
                0x000000c8       0x32 ../../BSP/Debug\libBSP.a(system.o)
 .ARM.attributes
                0x000000fa       0x32 ../../BSP/Debug\libBSP.a(timers.o)
 .ARM.attributes
                0x0000012c       0x32 ../../BSP/Debug\libBSP.a(uart.o)
 .ARM.attributes
                0x0000015e       0x32 ../../BSP/Debug\libBSP.a(uda1341ts.o)
 .ARM.attributes
                0x00000190       0x32 ../../BSP/Debug\libBSP.a(dma.o)
 .ARM.attributes
                0x000001c2       0x32 ../../BSP/Debug\libBSP.a(l3.o)
 .ARM.attributes
                0x000001f4       0x32 ../../BSP/Debug\libBSP.a(leds.o)
 .ARM.attributes
                0x00000226       0x1a c:/hlocal/eclipsearm/sourcery/bin/../lib/gcc/arm-none-eabi/4.5.2\libgcc.a(_udivsi3.o)
 .ARM.attributes
                0x00000240       0x18 c:/hlocal/eclipsearm/sourcery/bin/../lib/gcc/arm-none-eabi/4.5.2\libgcc.a(_dvmd_tls.o)
 .ARM.attributes
                0x00000258       0x1a c:/hlocal/eclipsearm/sourcery/bin/../lib/gcc/arm-none-eabi/4.5.2\libgcc.a(_aeabi_uldivmod.o)
 .ARM.attributes
                0x00000272       0x34 c:/hlocal/eclipsearm/sourcery/bin/../lib/gcc/arm-none-eabi/4.5.2\libgcc.a(bpabi.o)
 .ARM.attributes
                0x000002a6       0x34 c:/hlocal/eclipsearm/sourcery/bin/../lib/gcc/arm-none-eabi/4.5.2\libgcc.a(_divdi3.o)
 .ARM.attributes
                0x000002da       0x34 c:/hlocal/eclipsearm/sourcery/bin/../lib/gcc/arm-none-eabi/4.5.2\libgcc.a(_udivdi3.o)
 .ARM.attributes
                0x0000030e       0x1a c:/hlocal/eclipsearm/sourcery/bin/../lib/gcc/arm-none-eabi/4.5.2\libgcc.a(_clzsi2.o)

.debug_frame    0x00000000     0x106c
 .debug_frame   0x00000000       0x90 ./lab9-efectos.o
 .debug_frame   0x00000090      0x158 ../../BSP/Debug\libBSP.a(iis.o)
 .debug_frame   0x000001e8      0x190 ../../BSP/Debug\libBSP.a(pbs.o)
 .debug_frame   0x00000378       0x90 ../../BSP/Debug\libBSP.a(segs.o)
 .debug_frame   0x00000408      0x630 ../../BSP/Debug\libBSP.a(system.o)
 .debug_frame   0x00000a38      0x1b8 ../../BSP/Debug\libBSP.a(timers.o)
 .debug_frame   0x00000bf0      0x134 ../../BSP/Debug\libBSP.a(uart.o)
 .debug_frame   0x00000d24       0xf0 ../../BSP/Debug\libBSP.a(uda1341ts.o)
 .debug_frame   0x00000e14       0x70 ../../BSP/Debug\libBSP.a(dma.o)
 .debug_frame   0x00000e84       0x50 ../../BSP/Debug\libBSP.a(l3.o)
 .debug_frame   0x00000ed4       0xb0 ../../BSP/Debug\libBSP.a(leds.o)
 .debug_frame   0x00000f84       0x20 c:/hlocal/eclipsearm/sourcery/bin/../lib/gcc/arm-none-eabi/4.5.2\libgcc.a(_udivsi3.o)
 .debug_frame   0x00000fa4       0x50 c:/hlocal/eclipsearm/sourcery/bin/../lib/gcc/arm-none-eabi/4.5.2\libgcc.a(bpabi.o)
 .debug_frame   0x00000ff4       0x3c c:/hlocal/eclipsearm/sourcery/bin/../lib/gcc/arm-none-eabi/4.5.2\libgcc.a(_divdi3.o)
 .debug_frame   0x00001030       0x3c c:/hlocal/eclipsearm/sourcery/bin/../lib/gcc/arm-none-eabi/4.5.2\libgcc.a(_udivdi3.o)
