Archive member included because of file (symbol)

../../BSP/Debug\libBSP.a(rtc.o)
                              ./lab5.o (rtc_init)
../../BSP/Debug\libBSP.a(system.o)
                              ./lab5.o (sys_init)
../../BSP/Debug\libBSP.a(uart.o)
                              ./lab5.o (uart0_init)

Memory Configuration

Name             Origin             Length             Attributes
*default*        0x00000000         0xffffffff

Linker script and memory map

LOAD ./lab5.o
LOAD ../../BSP/Debug\libBSP.a
START GROUP
LOAD c:/hlocal/eclipsearm/sourcery/bin/../lib/gcc/arm-none-eabi/4.5.2\libgcc.a
LOAD c:/hlocal/eclipsearm/sourcery/bin/../lib/gcc/arm-none-eabi/4.5.2/../../../../arm-none-eabi/lib\libc.a
END GROUP
                0x0c100000                . = 0xc100000

.text           0x0c100000     0x17e4
 *(.text)
 .text          0x0c100000      0x240 ./lab5.o
                0x0c100000                main
                0x0c100184                isr_tick
 .text          0x0c100240      0x770 ../../BSP/Debug\libBSP.a(rtc.o)
                0x0c100240                BCDtoI
                0x0c1002f8                rtc_init
                0x0c10043c                rtc_puttime
                0x0c1006f4                rtc_gettime
                0x0c1008d8                rtc_open
                0x0c10095c                rtc_close
 .text          0x0c1009b0      0x970 ../../BSP/Debug\libBSP.a(system.o)
                0x0c1009b0                sys_init
                0x0c100d58                isr_SWI_dummy
                0x0c100d84                isr_UNDEF_dummy
                0x0c100db0                isr_IRQ_dummy
                0x0c100ddc                isr_FIQ_dummy
                0x0c100e08                isr_PABORT_dummy
                0x0c100e34                isr_DABORT_dummy
                0x0c100e60                isr_ADC_dummy
                0x0c100e8c                isr_RTC_dummy
                0x0c100eb8                isr_UTXD1_dummy
                0x0c100ee4                isr_UTXD0_dummy
                0x0c100f10                isr_SIO_dummy
                0x0c100f3c                isr_IIC_dummy
                0x0c100f68                isr_URXD1_dummy
                0x0c100f94                isr_URXD0_dummy
                0x0c100fc0                isr_TIMER5_dummy
                0x0c100fec                isr_TIMER4_dummy
                0x0c101018                isr_TIMER3_dummy
                0x0c101044                isr_TIMER2_dummy
                0x0c101070                isr_TIMER1_dummy
                0x0c10109c                isr_TIMER0_dummy
                0x0c1010c8                isr_UERR01_dummy
                0x0c1010f4                isr_WDT_dummy
                0x0c101120                isr_BDMA1_dummy
                0x0c10114c                isr_BDMA0_dummy
                0x0c101178                isr_ZDMA1_dummy
                0x0c1011a4                isr_ZDMA0_dummy
                0x0c1011d0                isr_TICK_dummy
                0x0c1011fc                isr_PB_dummy
                0x0c101228                isr_ETHERNET_dummy
                0x0c101254                isr_TS_dummy
                0x0c101280                isr_KEYPAD_dummy
                0x0c1012ac                isr_USB_dummy
                0x0c1012f0                sleep
 .text          0x0c101320      0x4c4 ../../BSP/Debug\libBSP.a(uart.o)
                0x0c101320                uart0_init
                0x0c101384                uart0_putchar
                0x0c1013d4                uart0_getchar
                0x0c10141c                uart0_puts
                0x0c10146c                uart0_putint
                0x0c101578                uart0_puthex
                0x0c101630                uart0_gets
                0x0c1016a0                uart0_getint
                0x0c101748                uart0_gethex

.glue_7         0x0c1017e4        0x0
 .glue_7        0x00000000        0x0 linker stubs

.glue_7t        0x0c1017e4        0x0
 .glue_7t       0x00000000        0x0 linker stubs

.vfp11_veneer   0x0c1017e4        0x0
 .vfp11_veneer  0x00000000        0x0 linker stubs

.v4_bx          0x0c1017e4        0x0
 .v4_bx         0x00000000        0x0 linker stubs

.rodata         0x0c1017e4      0x694
 *(.rodata)
 .rodata        0x0c1017e4       0xbc ./lab5.o
 .rodata        0x0c1018a0      0x5d8 ../../BSP/Debug\libBSP.a(system.o)

.data           0x0c101e78        0x0
 *(.data)
 .data          0x0c101e78        0x0 ./lab5.o
 .data          0x0c101e78        0x0 ../../BSP/Debug\libBSP.a(rtc.o)
 .data          0x0c101e78        0x0 ../../BSP/Debug\libBSP.a(system.o)
 .data          0x0c101e78        0x0 ../../BSP/Debug\libBSP.a(uart.o)

.bss            0x0c101e78        0x0
 *(.bss)
 .bss           0x0c101e78        0x0 ./lab5.o
 .bss           0x0c101e78        0x0 ../../BSP/Debug\libBSP.a(rtc.o)
 .bss           0x0c101e78        0x0 ../../BSP/Debug\libBSP.a(system.o)
 .bss           0x0c101e78        0x0 ../../BSP/Debug\libBSP.a(uart.o)
                0x0c101e78                end = .
OUTPUT(lab5.elf elf32-littlearm)

.debug_abbrev   0x00000000      0x2f3
 .debug_abbrev  0x00000000       0x9f ./lab5.o
 .debug_abbrev  0x0000009f       0xe6 ../../BSP/Debug\libBSP.a(rtc.o)
 .debug_abbrev  0x00000185       0x89 ../../BSP/Debug\libBSP.a(system.o)
 .debug_abbrev  0x0000020e       0xe5 ../../BSP/Debug\libBSP.a(uart.o)

.debug_info     0x00000000      0x925
 .debug_info    0x00000000      0x13a ./lab5.o
 .debug_info    0x0000013a      0x1e6 ../../BSP/Debug\libBSP.a(rtc.o)
 .debug_info    0x00000320      0x38d ../../BSP/Debug\libBSP.a(system.o)
 .debug_info    0x000006ad      0x278 ../../BSP/Debug\libBSP.a(uart.o)

.debug_line     0x00000000      0x487
 .debug_line    0x00000000       0xc0 ./lab5.o
 .debug_line    0x000000c0       0xda ../../BSP/Debug\libBSP.a(rtc.o)
 .debug_line    0x0000019a      0x1d8 ../../BSP/Debug\libBSP.a(system.o)
 .debug_line    0x00000372      0x115 ../../BSP/Debug\libBSP.a(uart.o)

.debug_macinfo  0x00000000    0x12c3e
 .debug_macinfo
                0x00000000     0x49c3 ./lab5.o
 .debug_macinfo
                0x000049c3     0x4c64 ../../BSP/Debug\libBSP.a(rtc.o)
 .debug_macinfo
                0x00009627     0x530a ../../BSP/Debug\libBSP.a(system.o)
 .debug_macinfo
                0x0000e931     0x430d ../../BSP/Debug\libBSP.a(uart.o)

.debug_loc      0x00000000      0x948
 .debug_loc     0x00000000       0x58 ./lab5.o
 .debug_loc     0x00000058      0x108 ../../BSP/Debug\libBSP.a(rtc.o)
 .debug_loc     0x00000160      0x65c ../../BSP/Debug\libBSP.a(system.o)
 .debug_loc     0x000007bc      0x18c ../../BSP/Debug\libBSP.a(uart.o)

.debug_pubnames
                0x00000000      0x3d1
 .debug_pubnames
                0x00000000       0x28 ./lab5.o
 .debug_pubnames
                0x00000028       0x65 ../../BSP/Debug\libBSP.a(rtc.o)
 .debug_pubnames
                0x0000008d      0x29d ../../BSP/Debug\libBSP.a(system.o)
 .debug_pubnames
                0x0000032a       0xa7 ../../BSP/Debug\libBSP.a(uart.o)

.debug_pubtypes
                0x00000000       0xcd
 .debug_pubtypes
                0x00000000       0x36 ./lab5.o
 .debug_pubtypes
                0x00000036       0x36 ../../BSP/Debug\libBSP.a(rtc.o)
 .debug_pubtypes
                0x0000006c       0x27 ../../BSP/Debug\libBSP.a(system.o)
 .debug_pubtypes
                0x00000093       0x3a ../../BSP/Debug\libBSP.a(uart.o)

.debug_aranges  0x00000000       0x80
 .debug_aranges
                0x00000000       0x20 ./lab5.o
 .debug_aranges
                0x00000020       0x20 ../../BSP/Debug\libBSP.a(rtc.o)
 .debug_aranges
                0x00000040       0x20 ../../BSP/Debug\libBSP.a(system.o)
 .debug_aranges
                0x00000060       0x20 ../../BSP/Debug\libBSP.a(uart.o)

.debug_str      0x00000000      0x420
 .debug_str     0x00000000       0xda ./lab5.o
                                 0xf3 (size before relaxing)
 .debug_str     0x000000da       0x8a ../../BSP/Debug\libBSP.a(rtc.o)
                                0x134 (size before relaxing)
 .debug_str     0x00000164      0x23d ../../BSP/Debug\libBSP.a(system.o)
                                0x2ef (size before relaxing)
 .debug_str     0x000003a1       0x7f ../../BSP/Debug\libBSP.a(uart.o)
                                0x141 (size before relaxing)

.comment        0x00000000       0x2a
 .comment       0x00000000       0x2a ./lab5.o
                                 0x2b (size before relaxing)
 .comment       0x00000000       0x2b ../../BSP/Debug\libBSP.a(rtc.o)
 .comment       0x00000000       0x2b ../../BSP/Debug\libBSP.a(system.o)
 .comment       0x00000000       0x2b ../../BSP/Debug\libBSP.a(uart.o)

.ARM.attributes
                0x00000000       0x32
 .ARM.attributes
                0x00000000       0x32 ./lab5.o
 .ARM.attributes
                0x00000032       0x32 ../../BSP/Debug\libBSP.a(rtc.o)
 .ARM.attributes
                0x00000064       0x32 ../../BSP/Debug\libBSP.a(system.o)
 .ARM.attributes
                0x00000096       0x32 ../../BSP/Debug\libBSP.a(uart.o)

.debug_frame    0x00000000      0x890
 .debug_frame   0x00000000       0x5c ./lab5.o
 .debug_frame   0x0000005c       0xd0 ../../BSP/Debug\libBSP.a(rtc.o)
 .debug_frame   0x0000012c      0x630 ../../BSP/Debug\libBSP.a(system.o)
 .debug_frame   0x0000075c      0x134 ../../BSP/Debug\libBSP.a(uart.o)
