Archive member included because of file (symbol)

../../BSP/Debug\libBSP.a(keypad.o)
                              ./lab13.o (keypad_scan)
../../BSP/Debug\libBSP.a(lcd.o)
                              ./lab13.o (lcd_init)
../../BSP/Debug\libBSP.a(leds.o)
                              ./lab13.o (leds_init)
../../BSP/Debug\libBSP.a(pbs.o)
                              ./lab13.o (pbs_init)
../../BSP/Debug\libBSP.a(rtc.o)
                              ./lab13.o (rtc_init)
../../BSP/Debug\libBSP.a(segs.o)
                              ./lab13.o (segs_init)
../../BSP/Debug\libBSP.a(system.o)
                              ./lab13.o (sys_init)
../../BSP/Debug\libBSP.a(timers.o)
                              ./lab13.o (timers_init)
../../BSP/Debug\libBSP.a(uart.o)
                              ./lab13.o (uart0_init)
../../BSP/Debug\libBSP.a(font8x16.o)
                              ../../BSP/Debug\libBSP.a(lcd.o) (font)
c:/hlocal/eclipsearm/sourcery/bin/../lib/gcc/arm-none-eabi/4.5.2\libgcc.a(_udivsi3.o)
                              ../../BSP/Debug\libBSP.a(timers.o) (__aeabi_uidiv)
c:/hlocal/eclipsearm/sourcery/bin/../lib/gcc/arm-none-eabi/4.5.2\libgcc.a(_dvmd_tls.o)
                              c:/hlocal/eclipsearm/sourcery/bin/../lib/gcc/arm-none-eabi/4.5.2\libgcc.a(_udivsi3.o) (__aeabi_idiv0)
c:/hlocal/eclipsearm/sourcery/bin/../lib/gcc/arm-none-eabi/4.5.2\libgcc.a(_aeabi_uldivmod.o)
                              ../../BSP/Debug\libBSP.a(timers.o) (__aeabi_uldivmod)
c:/hlocal/eclipsearm/sourcery/bin/../lib/gcc/arm-none-eabi/4.5.2\libgcc.a(bpabi.o)
                              c:/hlocal/eclipsearm/sourcery/bin/../lib/gcc/arm-none-eabi/4.5.2\libgcc.a(_aeabi_uldivmod.o) (__gnu_uldivmod_helper)
c:/hlocal/eclipsearm/sourcery/bin/../lib/gcc/arm-none-eabi/4.5.2\libgcc.a(_divdi3.o)
                              c:/hlocal/eclipsearm/sourcery/bin/../lib/gcc/arm-none-eabi/4.5.2\libgcc.a(bpabi.o) (__divdi3)
c:/hlocal/eclipsearm/sourcery/bin/../lib/gcc/arm-none-eabi/4.5.2\libgcc.a(_udivdi3.o)
                              c:/hlocal/eclipsearm/sourcery/bin/../lib/gcc/arm-none-eabi/4.5.2\libgcc.a(bpabi.o) (__udivdi3)
c:/hlocal/eclipsearm/sourcery/bin/../lib/gcc/arm-none-eabi/4.5.2\libgcc.a(_clzsi2.o)
                              c:/hlocal/eclipsearm/sourcery/bin/../lib/gcc/arm-none-eabi/4.5.2\libgcc.a(_divdi3.o) (__clzsi2)

Allocating common symbols
Common symbol       size              file

scancode            0x1               ./lab13.o

Memory Configuration

Name             Origin             Length             Attributes
*default*        0x00000000         0xffffffff

Linker script and memory map

LOAD ./kernelcoop.o
LOAD ./lab13.o
LOAD ../../BSP/Debug\libBSP.a
START GROUP
LOAD c:/hlocal/eclipsearm/sourcery/bin/../lib/gcc/arm-none-eabi/4.5.2\libgcc.a
LOAD c:/hlocal/eclipsearm/sourcery/bin/../lib/gcc/arm-none-eabi/4.5.2/../../../../arm-none-eabi/lib\libc.a
END GROUP
                0x0c100000                . = 0xc100000

.text           0x0c100000     0x5714
 *(.text)
 .text          0x0c100000      0x580 ./kernelcoop.o
                0x0c100000                delete_task
                0x0c1000f8                create_task
                0x0c1002a0                scheduler_init
                0x0c1002e8                scheduler
                0x0c100470                dispacher
 .text          0x0c100580      0x70c ./lab13.o
                0x0c100580                main
                0x0c1006cc                Task1
                0x0c100740                Task2
                0x0c10089c                Task3
                0x0c100948                Task4
                0x0c1009e8                Task5
                0x0c100a8c                Task6
                0x0c100b18                Task7
                0x0c100bac                Task8
                0x0c100c30                isr_pb
 .text          0x0c100c8c      0x69c ../../BSP/Debug\libBSP.a(keypad.o)
                0x0c100c8c                keypad_scan
                0x0c100eb0                keypad_status
                0x0c100f24                keypad_open
                0x0c100f7c                keypad_close
                0x0c100fc0                keypad_init
                0x0c100ff8                keypad_wait_keydown
                0x0c10107c                keypad_wait_keyup
                0x0c1010d0                keypad_wait_any_keydown
                0x0c1010fc                keypad_wait_any_keyup
                0x0c101158                keypad_getchar
                0x0c1011cc                keypad_getchartime
                0x0c101274                keypad_timeout_getchar
 .text          0x0c101328     0x1014 ../../BSP/Debug\libBSP.a(lcd.o)
                0x0c101328                lcd_init
                0x0c1014ac                lcd_on
                0x0c1014e8                lcd_off
                0x0c101524                lcd_status
                0x0c10154c                lcd_clear
                0x0c1015d0                lcd_putpixel
                0x0c1016bc                lcd_getpixel
                0x0c101778                lcd_draw_hline
                0x0c101818                lcd_draw_vline
                0x0c1018b8                lcd_draw_box
                0x0c101960                lcd_putchar
                0x0c101ab4                lcd_puts
                0x0c101b28                lcd_putint
                0x0c101c5c                lcd_puthex
                0x0c101d3c                lcd_putchar_x2
                0x0c101f54                lcd_puts_x2
                0x0c101fc8                lcd_putint_x2
                0x0c1020fc                lcd_puthex_x2
                0x0c1021e0                lcd_putWallpaper
 .text          0x0c10233c      0x21c ../../BSP/Debug\libBSP.a(leds.o)
                0x0c10233c                leds_init
                0x0c102364                led_on
                0x0c1023e8                led_off
                0x0c10246c                led_toggle
                0x0c102504                led_status
 .text          0x0c102558      0x5e0 ../../BSP/Debug\libBSP.a(pbs.o)
                0x0c102558                pbs_init
                0x0c102574                pb_scan
                0x0c1025d0                pb_status
                0x0c102654                pb_wait_keydown
                0x0c1026bc                pb_wait_keyup
                0x0c102764                pb_wait_any_keydown
                0x0c1027ac                pb_wait_any_keyup
                0x0c102828                pb_getchar
                0x0c1028c4                pb_getchartime
                0x0c102980                pb_timeout_getchar
                0x0c102a8c                pbs_open
                0x0c102af4                pbs_close
 .text          0x0c102b38      0x7c4 ../../BSP/Debug\libBSP.a(rtc.o)
                0x0c102b38                BCDtoI
                0x0c102bf0                rtc_init
                0x0c102d34                rtc_puttime
                0x0c102fec                rtc_gettime
                0x0c103224                rtc_open
                0x0c1032a8                rtc_close
 .text          0x0c1032fc       0xd4 ../../BSP/Debug\libBSP.a(segs.o)
                0x0c1032fc                segs_init
                0x0c103318                segs_off
                0x0c103350                segs_putchar
                0x0c1033a8                segs_status
 .text          0x0c1033d0      0x970 ../../BSP/Debug\libBSP.a(system.o)
                0x0c1033d0                sys_init
                0x0c103778                isr_SWI_dummy
                0x0c1037a4                isr_UNDEF_dummy
                0x0c1037d0                isr_IRQ_dummy
                0x0c1037fc                isr_FIQ_dummy
                0x0c103828                isr_PABORT_dummy
                0x0c103854                isr_DABORT_dummy
                0x0c103880                isr_ADC_dummy
                0x0c1038ac                isr_RTC_dummy
                0x0c1038d8                isr_UTXD1_dummy
                0x0c103904                isr_UTXD0_dummy
                0x0c103930                isr_SIO_dummy
                0x0c10395c                isr_IIC_dummy
                0x0c103988                isr_URXD1_dummy
                0x0c1039b4                isr_URXD0_dummy
                0x0c1039e0                isr_TIMER5_dummy
                0x0c103a0c                isr_TIMER4_dummy
                0x0c103a38                isr_TIMER3_dummy
                0x0c103a64                isr_TIMER2_dummy
                0x0c103a90                isr_TIMER1_dummy
                0x0c103abc                isr_TIMER0_dummy
                0x0c103ae8                isr_UERR01_dummy
                0x0c103b14                isr_WDT_dummy
                0x0c103b40                isr_BDMA1_dummy
                0x0c103b6c                isr_BDMA0_dummy
                0x0c103b98                isr_ZDMA1_dummy
                0x0c103bc4                isr_ZDMA0_dummy
                0x0c103bf0                isr_TICK_dummy
                0x0c103c1c                isr_PB_dummy
                0x0c103c48                isr_ETHERNET_dummy
                0x0c103c74                isr_TS_dummy
                0x0c103ca0                isr_KEYPAD_dummy
                0x0c103ccc                isr_USB_dummy
                0x0c103d10                sleep
 .text          0x0c103d40      0xa18 ../../BSP/Debug\libBSP.a(timers.o)
                0x0c103d40                timers_init
                0x0c103f00                timer3_delay_ms
                0x0c103fe4                sw_delay_ms
                0x0c10403c                timer3_delay_s
                0x0c104128                sw_delay_s
                0x0c104180                timer3_start
                0x0c104230                timer3_stop
                0x0c104284                timer3_start_timeout
                0x0c10433c                timer3_timeout
                0x0c104378                timer0_open_tick
                0x0c1045c4                timer0_open_ms
                0x0c1046c0                timer0_close
 .text          0x0c104758      0x4c4 ../../BSP/Debug\libBSP.a(uart.o)
                0x0c104758                uart0_init
                0x0c1047bc                uart0_putchar
                0x0c10480c                uart0_getchar
                0x0c104854                uart0_puts
                0x0c1048a4                uart0_putint
                0x0c1049b0                uart0_puthex
                0x0c104a68                uart0_gets
                0x0c104ad8                uart0_getint
                0x0c104b80                uart0_gethex
 .text          0x0c104c1c        0x0 ../../BSP/Debug\libBSP.a(font8x16.o)
 .text          0x0c104c1c      0x114 c:/hlocal/eclipsearm/sourcery/bin/../lib/gcc/arm-none-eabi/4.5.2\libgcc.a(_udivsi3.o)
                0x0c104c1c                __aeabi_uidiv
                0x0c104c1c                __udivsi3
                0x0c104d10                __aeabi_uidivmod
 .text          0x0c104d30        0x4 c:/hlocal/eclipsearm/sourcery/bin/../lib/gcc/arm-none-eabi/4.5.2\libgcc.a(_dvmd_tls.o)
                0x0c104d30                __aeabi_idiv0
                0x0c104d30                __aeabi_ldiv0
 .text          0x0c104d34       0x3c c:/hlocal/eclipsearm/sourcery/bin/../lib/gcc/arm-none-eabi/4.5.2\libgcc.a(_aeabi_uldivmod.o)
                0x0c104d34                __aeabi_uldivmod
 .text          0x0c104d70       0x80 c:/hlocal/eclipsearm/sourcery/bin/../lib/gcc/arm-none-eabi/4.5.2\libgcc.a(bpabi.o)
                0x0c104d70                __gnu_ldivmod_helper
                0x0c104db0                __gnu_uldivmod_helper
 .text          0x0c104df0      0x4a8 c:/hlocal/eclipsearm/sourcery/bin/../lib/gcc/arm-none-eabi/4.5.2\libgcc.a(_divdi3.o)
                0x0c104df0                __divdi3
 .text          0x0c105298      0x434 c:/hlocal/eclipsearm/sourcery/bin/../lib/gcc/arm-none-eabi/4.5.2\libgcc.a(_udivdi3.o)
                0x0c105298                __udivdi3
 .text          0x0c1056cc       0x48 c:/hlocal/eclipsearm/sourcery/bin/../lib/gcc/arm-none-eabi/4.5.2\libgcc.a(_clzsi2.o)
                0x0c1056cc                __clzsi2

.glue_7         0x0c105714        0x0
 .glue_7        0x00000000        0x0 linker stubs

.glue_7t        0x0c105714        0x0
 .glue_7t       0x00000000        0x0 linker stubs

.vfp11_veneer   0x0c105714        0x0
 .vfp11_veneer  0x00000000        0x0 linker stubs

.v4_bx          0x0c105714        0x0
 .v4_bx         0x00000000        0x0 linker stubs

.rodata         0x0c105714     0x176c
 *(.rodata)
 .rodata        0x0c105714      0x184 ./lab13.o
 .rodata        0x0c105898       0x10 ../../BSP/Debug\libBSP.a(segs.o)
 .rodata        0x0c1058a8      0x5d8 ../../BSP/Debug\libBSP.a(system.o)
 .rodata        0x0c105e80     0x1000 ../../BSP/Debug\libBSP.a(font8x16.o)
                0x0c105e80                font

.ARM.extab      0x0c106e80        0x0
 .ARM.extab     0x0c106e80        0x0 c:/hlocal/eclipsearm/sourcery/bin/../lib/gcc/arm-none-eabi/4.5.2\libgcc.a(_divdi3.o)
 .ARM.extab     0x0c106e80        0x0 c:/hlocal/eclipsearm/sourcery/bin/../lib/gcc/arm-none-eabi/4.5.2\libgcc.a(_udivdi3.o)

.ARM.exidx      0x0c106e80        0x8
 .ARM.exidx     0x0c106e80        0x8 c:/hlocal/eclipsearm/sourcery/bin/../lib/gcc/arm-none-eabi/4.5.2\libgcc.a(_divdi3.o)
 .ARM.exidx     0x0c106e88        0x0 c:/hlocal/eclipsearm/sourcery/bin/../lib/gcc/arm-none-eabi/4.5.2\libgcc.a(_udivdi3.o)
                                  0x8 (size before relaxing)

.data           0x0c106e88        0x0
 *(.data)
 .data          0x0c106e88        0x0 ./kernelcoop.o
 .data          0x0c106e88        0x0 ./lab13.o
 .data          0x0c106e88        0x0 ../../BSP/Debug\libBSP.a(keypad.o)
 .data          0x0c106e88        0x0 ../../BSP/Debug\libBSP.a(lcd.o)
 .data          0x0c106e88        0x0 ../../BSP/Debug\libBSP.a(leds.o)
 .data          0x0c106e88        0x0 ../../BSP/Debug\libBSP.a(pbs.o)
 .data          0x0c106e88        0x0 ../../BSP/Debug\libBSP.a(rtc.o)
 .data          0x0c106e88        0x0 ../../BSP/Debug\libBSP.a(segs.o)
 .data          0x0c106e88        0x0 ../../BSP/Debug\libBSP.a(system.o)
 .data          0x0c106e88        0x0 ../../BSP/Debug\libBSP.a(timers.o)
 .data          0x0c106e88        0x0 ../../BSP/Debug\libBSP.a(uart.o)
 .data          0x0c106e88        0x0 ../../BSP/Debug\libBSP.a(font8x16.o)
 .data          0x0c106e88        0x0 c:/hlocal/eclipsearm/sourcery/bin/../lib/gcc/arm-none-eabi/4.5.2\libgcc.a(_udivsi3.o)
 .data          0x0c106e88        0x0 c:/hlocal/eclipsearm/sourcery/bin/../lib/gcc/arm-none-eabi/4.5.2\libgcc.a(_dvmd_tls.o)
 .data          0x0c106e88        0x0 c:/hlocal/eclipsearm/sourcery/bin/../lib/gcc/arm-none-eabi/4.5.2\libgcc.a(_aeabi_uldivmod.o)
 .data          0x0c106e88        0x0 c:/hlocal/eclipsearm/sourcery/bin/../lib/gcc/arm-none-eabi/4.5.2\libgcc.a(bpabi.o)
 .data          0x0c106e88        0x0 c:/hlocal/eclipsearm/sourcery/bin/../lib/gcc/arm-none-eabi/4.5.2\libgcc.a(_divdi3.o)
 .data          0x0c106e88        0x0 c:/hlocal/eclipsearm/sourcery/bin/../lib/gcc/arm-none-eabi/4.5.2\libgcc.a(_udivdi3.o)
 .data          0x0c106e88        0x0 c:/hlocal/eclipsearm/sourcery/bin/../lib/gcc/arm-none-eabi/4.5.2\libgcc.a(_clzsi2.o)

.bss            0x0c106e88     0x96e5
 *(.bss)
 .bss           0x0c106e88       0xc8 ./kernelcoop.o
 .bss           0x0c106f50        0xc ./lab13.o
                0x0c106f50                cont
                0x0c106f54                flagTask2
                0x0c106f55                flagTask5
                0x0c106f56                flagTask6
                0x0c106f57                pb_pressed
 .bss           0x0c106f5c        0x0 ../../BSP/Debug\libBSP.a(keypad.o)
 .bss           0x0c106f5c     0x9604 ../../BSP/Debug\libBSP.a(lcd.o)
 .bss           0x0c110560        0x2 ../../BSP/Debug\libBSP.a(leds.o)
 .bss           0x0c110562        0x0 ../../BSP/Debug\libBSP.a(pbs.o)
 .bss           0x0c110562        0x0 ../../BSP/Debug\libBSP.a(rtc.o)
 .bss           0x0c110562        0x1 ../../BSP/Debug\libBSP.a(segs.o)
 .bss           0x0c110563        0x0 ../../BSP/Debug\libBSP.a(system.o)
 *fill*         0x0c110563        0x1 00
 .bss           0x0c110564        0x8 ../../BSP/Debug\libBSP.a(timers.o)
 .bss           0x0c11056c        0x0 ../../BSP/Debug\libBSP.a(uart.o)
 .bss           0x0c11056c        0x0 ../../BSP/Debug\libBSP.a(font8x16.o)
 .bss           0x0c11056c        0x0 c:/hlocal/eclipsearm/sourcery/bin/../lib/gcc/arm-none-eabi/4.5.2\libgcc.a(_udivsi3.o)
 .bss           0x0c11056c        0x0 c:/hlocal/eclipsearm/sourcery/bin/../lib/gcc/arm-none-eabi/4.5.2\libgcc.a(_dvmd_tls.o)
 .bss           0x0c11056c        0x0 c:/hlocal/eclipsearm/sourcery/bin/../lib/gcc/arm-none-eabi/4.5.2\libgcc.a(_aeabi_uldivmod.o)
 .bss           0x0c11056c        0x0 c:/hlocal/eclipsearm/sourcery/bin/../lib/gcc/arm-none-eabi/4.5.2\libgcc.a(bpabi.o)
 .bss           0x0c11056c        0x0 c:/hlocal/eclipsearm/sourcery/bin/../lib/gcc/arm-none-eabi/4.5.2\libgcc.a(_divdi3.o)
 .bss           0x0c11056c        0x0 c:/hlocal/eclipsearm/sourcery/bin/../lib/gcc/arm-none-eabi/4.5.2\libgcc.a(_udivdi3.o)
 .bss           0x0c11056c        0x0 c:/hlocal/eclipsearm/sourcery/bin/../lib/gcc/arm-none-eabi/4.5.2\libgcc.a(_clzsi2.o)
 COMMON         0x0c11056c        0x1 ./lab13.o
                0x0c11056c                scancode
                0x0c11056d                end = .
OUTPUT(lab13.elf elf32-littlearm)

.debug_abbrev   0x00000000      0x9ec
 .debug_abbrev  0x00000000       0xec ./kernelcoop.o
 .debug_abbrev  0x000000ec      0x11b ./lab13.o
 .debug_abbrev  0x00000207       0xe1 ../../BSP/Debug\libBSP.a(keypad.o)
 .debug_abbrev  0x000002e8      0x14f ../../BSP/Debug\libBSP.a(lcd.o)
 .debug_abbrev  0x00000437       0x9c ../../BSP/Debug\libBSP.a(leds.o)
 .debug_abbrev  0x000004d3       0xd2 ../../BSP/Debug\libBSP.a(pbs.o)
 .debug_abbrev  0x000005a5       0xe6 ../../BSP/Debug\libBSP.a(rtc.o)
 .debug_abbrev  0x0000068b       0xb3 ../../BSP/Debug\libBSP.a(segs.o)
 .debug_abbrev  0x0000073e       0x89 ../../BSP/Debug\libBSP.a(system.o)
 .debug_abbrev  0x000007c7       0xdd ../../BSP/Debug\libBSP.a(timers.o)
 .debug_abbrev  0x000008a4       0xe5 ../../BSP/Debug\libBSP.a(uart.o)
 .debug_abbrev  0x00000989       0x63 ../../BSP/Debug\libBSP.a(font8x16.o)

.debug_info     0x00000000     0x1f9a
 .debug_info    0x00000000      0x201 ./kernelcoop.o
 .debug_info    0x00000201      0x3bb ./lab13.o
 .debug_info    0x000005bc      0x24f ../../BSP/Debug\libBSP.a(keypad.o)
 .debug_info    0x0000080b      0x7d2 ../../BSP/Debug\libBSP.a(lcd.o)
 .debug_info    0x00000fdd      0x153 ../../BSP/Debug\libBSP.a(leds.o)
 .debug_info    0x00001130      0x240 ../../BSP/Debug\libBSP.a(pbs.o)
 .debug_info    0x00001370      0x1e6 ../../BSP/Debug\libBSP.a(rtc.o)
 .debug_info    0x00001556      0x10d ../../BSP/Debug\libBSP.a(segs.o)
 .debug_info    0x00001663      0x38d ../../BSP/Debug\libBSP.a(system.o)
 .debug_info    0x000019f0      0x29d ../../BSP/Debug\libBSP.a(timers.o)
 .debug_info    0x00001c8d      0x278 ../../BSP/Debug\libBSP.a(uart.o)
 .debug_info    0x00001f05       0x95 ../../BSP/Debug\libBSP.a(font8x16.o)

.debug_line     0x00000000      0xe7f
 .debug_line    0x00000000       0xe8 ./kernelcoop.o
 .debug_line    0x000000e8      0x17e ./lab13.o
 .debug_line    0x00000266      0x167 ../../BSP/Debug\libBSP.a(keypad.o)
 .debug_line    0x000003cd      0x245 ../../BSP/Debug\libBSP.a(lcd.o)
 .debug_line    0x00000612       0xb0 ../../BSP/Debug\libBSP.a(leds.o)
 .debug_line    0x000006c2      0x18e ../../BSP/Debug\libBSP.a(pbs.o)
 .debug_line    0x00000850       0xda ../../BSP/Debug\libBSP.a(rtc.o)
 .debug_line    0x0000092a       0x93 ../../BSP/Debug\libBSP.a(segs.o)
 .debug_line    0x000009bd      0x1d8 ../../BSP/Debug\libBSP.a(system.o)
 .debug_line    0x00000b95      0x17f ../../BSP/Debug\libBSP.a(timers.o)
 .debug_line    0x00000d14      0x115 ../../BSP/Debug\libBSP.a(uart.o)
 .debug_line    0x00000e29       0x56 ../../BSP/Debug\libBSP.a(font8x16.o)

.debug_macinfo  0x00000000    0x35b01
 .debug_macinfo
                0x00000000     0x4326 ./kernelcoop.o
 .debug_macinfo
                0x00004326     0x5701 ./lab13.o
 .debug_macinfo
                0x00009a27     0x4e4c ../../BSP/Debug\libBSP.a(keypad.o)
 .debug_macinfo
                0x0000e873     0x439b ../../BSP/Debug\libBSP.a(lcd.o)
 .debug_macinfo
                0x00012c0e     0x432c ../../BSP/Debug\libBSP.a(leds.o)
 .debug_macinfo
                0x00016f3a     0x4d0b ../../BSP/Debug\libBSP.a(pbs.o)
 .debug_macinfo
                0x0001bc45     0x4c64 ../../BSP/Debug\libBSP.a(rtc.o)
 .debug_macinfo
                0x000208a9     0x4c77 ../../BSP/Debug\libBSP.a(segs.o)
 .debug_macinfo
                0x00025520     0x530a ../../BSP/Debug\libBSP.a(system.o)
 .debug_macinfo
                0x0002a82a     0x4c91 ../../BSP/Debug\libBSP.a(timers.o)
 .debug_macinfo
                0x0002f4bb     0x430d ../../BSP/Debug\libBSP.a(uart.o)
 .debug_macinfo
                0x000337c8     0x2339 ../../BSP/Debug\libBSP.a(font8x16.o)

.debug_loc      0x00000000     0x16b0
 .debug_loc     0x00000000       0xdc ./kernelcoop.o
 .debug_loc     0x000000dc      0x1b8 ./lab13.o
 .debug_loc     0x00000294      0x210 ../../BSP/Debug\libBSP.a(keypad.o)
 .debug_loc     0x000004a4      0x344 ../../BSP/Debug\libBSP.a(lcd.o)
 .debug_loc     0x000007e8       0xdc ../../BSP/Debug\libBSP.a(leds.o)
 .debug_loc     0x000008c4      0x210 ../../BSP/Debug\libBSP.a(pbs.o)
 .debug_loc     0x00000ad4      0x108 ../../BSP/Debug\libBSP.a(rtc.o)
 .debug_loc     0x00000bdc       0xb0 ../../BSP/Debug\libBSP.a(segs.o)
 .debug_loc     0x00000c8c      0x65c ../../BSP/Debug\libBSP.a(system.o)
 .debug_loc     0x000012e8      0x23c ../../BSP/Debug\libBSP.a(timers.o)
 .debug_loc     0x00001524      0x18c ../../BSP/Debug\libBSP.a(uart.o)

.debug_pubnames
                0x00000000      0x9ad
 .debug_pubnames
                0x00000000       0x61 ./kernelcoop.o
 .debug_pubnames
                0x00000061       0xc5 ./lab13.o
 .debug_pubnames
                0x00000126      0x10e ../../BSP/Debug\libBSP.a(keypad.o)
 .debug_pubnames
                0x00000234      0x143 ../../BSP/Debug\libBSP.a(lcd.o)
 .debug_pubnames
                0x00000377       0x55 ../../BSP/Debug\libBSP.a(leds.o)
 .debug_pubnames
                0x000003cc       0xe1 ../../BSP/Debug\libBSP.a(pbs.o)
 .debug_pubnames
                0x000004ad       0x65 ../../BSP/Debug\libBSP.a(rtc.o)
 .debug_pubnames
                0x00000512       0x4e ../../BSP/Debug\libBSP.a(segs.o)
 .debug_pubnames
                0x00000560      0x29d ../../BSP/Debug\libBSP.a(system.o)
 .debug_pubnames
                0x000007fd       0xee ../../BSP/Debug\libBSP.a(timers.o)
 .debug_pubnames
                0x000008eb       0xa7 ../../BSP/Debug\libBSP.a(uart.o)
 .debug_pubnames
                0x00000992       0x1b ../../BSP/Debug\libBSP.a(font8x16.o)

.debug_pubtypes
                0x00000000      0x252
 .debug_pubtypes
                0x00000000       0x34 ./kernelcoop.o
 .debug_pubtypes
                0x00000034       0x42 ./lab13.o
 .debug_pubtypes
                0x00000076       0x32 ../../BSP/Debug\libBSP.a(keypad.o)
 .debug_pubtypes
                0x000000a8       0x45 ../../BSP/Debug\libBSP.a(lcd.o)
 .debug_pubtypes
                0x000000ed       0x27 ../../BSP/Debug\libBSP.a(leds.o)
 .debug_pubtypes
                0x00000114       0x32 ../../BSP/Debug\libBSP.a(pbs.o)
 .debug_pubtypes
                0x00000146       0x36 ../../BSP/Debug\libBSP.a(rtc.o)
 .debug_pubtypes
                0x0000017c       0x1c ../../BSP/Debug\libBSP.a(segs.o)
 .debug_pubtypes
                0x00000198       0x27 ../../BSP/Debug\libBSP.a(system.o)
 .debug_pubtypes
                0x000001bf       0x3d ../../BSP/Debug\libBSP.a(timers.o)
 .debug_pubtypes
                0x000001fc       0x3a ../../BSP/Debug\libBSP.a(uart.o)
 .debug_pubtypes
                0x00000236       0x1c ../../BSP/Debug\libBSP.a(font8x16.o)

.debug_aranges  0x00000000      0x160
 .debug_aranges
                0x00000000       0x20 ./kernelcoop.o
 .debug_aranges
                0x00000020       0x20 ./lab13.o
 .debug_aranges
                0x00000040       0x20 ../../BSP/Debug\libBSP.a(keypad.o)
 .debug_aranges
                0x00000060       0x20 ../../BSP/Debug\libBSP.a(lcd.o)
 .debug_aranges
                0x00000080       0x20 ../../BSP/Debug\libBSP.a(leds.o)
 .debug_aranges
                0x000000a0       0x20 ../../BSP/Debug\libBSP.a(pbs.o)
 .debug_aranges
                0x000000c0       0x20 ../../BSP/Debug\libBSP.a(rtc.o)
 .debug_aranges
                0x000000e0       0x20 ../../BSP/Debug\libBSP.a(segs.o)
 .debug_aranges
                0x00000100       0x20 ../../BSP/Debug\libBSP.a(system.o)
 .debug_aranges
                0x00000120       0x20 ../../BSP/Debug\libBSP.a(timers.o)
 .debug_aranges
                0x00000140       0x20 ../../BSP/Debug\libBSP.a(uart.o)

.debug_str      0x00000000      0x961
 .debug_str     0x00000000      0x118 ./kernelcoop.o
                                0x131 (size before relaxing)
 .debug_str     0x00000118       0x9a ./lab13.o
                                0x175 (size before relaxing)
 .debug_str     0x000001b2      0x113 ../../BSP/Debug\libBSP.a(keypad.o)
                                0x1a3 (size before relaxing)
 .debug_str     0x000002c5      0x155 ../../BSP/Debug\libBSP.a(lcd.o)
                                0x22f (size before relaxing)
 .debug_str     0x0000041a       0x4b ../../BSP/Debug\libBSP.a(leds.o)
                                 0xfd (size before relaxing)
 .debug_str     0x00000465       0xac ../../BSP/Debug\libBSP.a(pbs.o)
                                0x16e (size before relaxing)
 .debug_str     0x00000511       0x5a ../../BSP/Debug\libBSP.a(rtc.o)
                                0x134 (size before relaxing)
 .debug_str     0x0000056b       0x43 ../../BSP/Debug\libBSP.a(segs.o)
                                 0xf4 (size before relaxing)
 .debug_str     0x000005ae      0x23d ../../BSP/Debug\libBSP.a(system.o)
                                0x2ef (size before relaxing)
 .debug_str     0x000007eb       0xe5 ../../BSP/Debug\libBSP.a(timers.o)
                                0x19e (size before relaxing)
 .debug_str     0x000008d0       0x7f ../../BSP/Debug\libBSP.a(uart.o)
                                0x141 (size before relaxing)
 .debug_str     0x0000094f       0x12 ../../BSP/Debug\libBSP.a(font8x16.o)
                                 0xc2 (size before relaxing)

.comment        0x00000000       0x2a
 .comment       0x00000000       0x2a ./kernelcoop.o
                                 0x2b (size before relaxing)
 .comment       0x00000000       0x2b ./lab13.o
 .comment       0x00000000       0x2b ../../BSP/Debug\libBSP.a(keypad.o)
 .comment       0x00000000       0x2b ../../BSP/Debug\libBSP.a(lcd.o)
 .comment       0x00000000       0x2b ../../BSP/Debug\libBSP.a(leds.o)
 .comment       0x00000000       0x2b ../../BSP/Debug\libBSP.a(pbs.o)
 .comment       0x00000000       0x2b ../../BSP/Debug\libBSP.a(rtc.o)
 .comment       0x00000000       0x2b ../../BSP/Debug\libBSP.a(segs.o)
 .comment       0x00000000       0x2b ../../BSP/Debug\libBSP.a(system.o)
 .comment       0x00000000       0x2b ../../BSP/Debug\libBSP.a(timers.o)
 .comment       0x00000000       0x2b ../../BSP/Debug\libBSP.a(uart.o)
 .comment       0x00000000       0x2b ../../BSP/Debug\libBSP.a(font8x16.o)

.ARM.attributes
                0x00000000       0x32
 .ARM.attributes
                0x00000000       0x32 ./kernelcoop.o
 .ARM.attributes
                0x00000032       0x32 ./lab13.o
 .ARM.attributes
                0x00000064       0x32 ../../BSP/Debug\libBSP.a(keypad.o)
 .ARM.attributes
                0x00000096       0x32 ../../BSP/Debug\libBSP.a(lcd.o)
 .ARM.attributes
                0x000000c8       0x32 ../../BSP/Debug\libBSP.a(leds.o)
 .ARM.attributes
                0x000000fa       0x32 ../../BSP/Debug\libBSP.a(pbs.o)
 .ARM.attributes
                0x0000012c       0x32 ../../BSP/Debug\libBSP.a(rtc.o)
 .ARM.attributes
                0x0000015e       0x32 ../../BSP/Debug\libBSP.a(segs.o)
 .ARM.attributes
                0x00000190       0x32 ../../BSP/Debug\libBSP.a(system.o)
 .ARM.attributes
                0x000001c2       0x32 ../../BSP/Debug\libBSP.a(timers.o)
 .ARM.attributes
                0x000001f4       0x32 ../../BSP/Debug\libBSP.a(uart.o)
 .ARM.attributes
                0x00000226       0x32 ../../BSP/Debug\libBSP.a(font8x16.o)
 .ARM.attributes
                0x00000258       0x1a c:/hlocal/eclipsearm/sourcery/bin/../lib/gcc/arm-none-eabi/4.5.2\libgcc.a(_udivsi3.o)
 .ARM.attributes
                0x00000272       0x18 c:/hlocal/eclipsearm/sourcery/bin/../lib/gcc/arm-none-eabi/4.5.2\libgcc.a(_dvmd_tls.o)
 .ARM.attributes
                0x0000028a       0x1a c:/hlocal/eclipsearm/sourcery/bin/../lib/gcc/arm-none-eabi/4.5.2\libgcc.a(_aeabi_uldivmod.o)
 .ARM.attributes
                0x000002a4       0x34 c:/hlocal/eclipsearm/sourcery/bin/../lib/gcc/arm-none-eabi/4.5.2\libgcc.a(bpabi.o)
 .ARM.attributes
                0x000002d8       0x34 c:/hlocal/eclipsearm/sourcery/bin/../lib/gcc/arm-none-eabi/4.5.2\libgcc.a(_divdi3.o)
 .ARM.attributes
                0x0000030c       0x34 c:/hlocal/eclipsearm/sourcery/bin/../lib/gcc/arm-none-eabi/4.5.2\libgcc.a(_udivdi3.o)
 .ARM.attributes
                0x00000340       0x1a c:/hlocal/eclipsearm/sourcery/bin/../lib/gcc/arm-none-eabi/4.5.2\libgcc.a(_clzsi2.o)

.debug_frame    0x00000000     0x13b8
 .debug_frame   0x00000000       0xbc ./kernelcoop.o
 .debug_frame   0x000000bc      0x158 ./lab13.o
 .debug_frame   0x00000214      0x190 ../../BSP/Debug\libBSP.a(keypad.o)
 .debug_frame   0x000003a4      0x270 ../../BSP/Debug\libBSP.a(lcd.o)
 .debug_frame   0x00000614       0xb0 ../../BSP/Debug\libBSP.a(leds.o)
 .debug_frame   0x000006c4      0x190 ../../BSP/Debug\libBSP.a(pbs.o)
 .debug_frame   0x00000854       0xd0 ../../BSP/Debug\libBSP.a(rtc.o)
 .debug_frame   0x00000924       0x90 ../../BSP/Debug\libBSP.a(segs.o)
 .debug_frame   0x000009b4      0x630 ../../BSP/Debug\libBSP.a(system.o)
 .debug_frame   0x00000fe4      0x1b8 ../../BSP/Debug\libBSP.a(timers.o)
 .debug_frame   0x0000119c      0x134 ../../BSP/Debug\libBSP.a(uart.o)
 .debug_frame   0x000012d0       0x20 c:/hlocal/eclipsearm/sourcery/bin/../lib/gcc/arm-none-eabi/4.5.2\libgcc.a(_udivsi3.o)
 .debug_frame   0x000012f0       0x50 c:/hlocal/eclipsearm/sourcery/bin/../lib/gcc/arm-none-eabi/4.5.2\libgcc.a(bpabi.o)
 .debug_frame   0x00001340       0x3c c:/hlocal/eclipsearm/sourcery/bin/../lib/gcc/arm-none-eabi/4.5.2\libgcc.a(_divdi3.o)
 .debug_frame   0x0000137c       0x3c c:/hlocal/eclipsearm/sourcery/bin/../lib/gcc/arm-none-eabi/4.5.2\libgcc.a(_udivdi3.o)
