Archive member included because of file (symbol)

../../BSP/Debug\libBSP.a(leds.o)
                              ./lab3.o (leds_init)
../../BSP/Debug\libBSP.a(segs.o)
                              ./lab3.o (segs_init)

Memory Configuration

Name             Origin             Length             Attributes
*default*        0x00000000         0xffffffff

Linker script and memory map

LOAD ./lab3.o
LOAD ./systemLab3.o
LOAD ../../BSP/Debug\libBSP.a
START GROUP
LOAD c:/hlocal/eclipsearm/sourcery/bin/../lib/gcc/arm-none-eabi/4.5.2\libgcc.a
LOAD c:/hlocal/eclipsearm/sourcery/bin/../lib/gcc/arm-none-eabi/4.5.2/../../../../arm-none-eabi/lib\libc.a
END GROUP
                0x0c100000                . = 0xc100000

.text           0x0c100000      0x5ac
 *(.text)
 .text          0x0c100000      0x128 ./lab3.o
                0x0c100000                main
                0x0c1000f4                delay
 .text          0x0c100128      0x194 ./systemLab3.o
                0x0c1002a0                sys_init
 .text          0x0c1002bc      0x21c ../../BSP/Debug\libBSP.a(leds.o)
                0x0c1002bc                leds_init
                0x0c1002e4                led_on
                0x0c100368                led_off
                0x0c1003ec                led_toggle
                0x0c100484                led_status
 .text          0x0c1004d8       0xd4 ../../BSP/Debug\libBSP.a(segs.o)
                0x0c1004d8                segs_init
                0x0c1004f4                segs_off
                0x0c10052c                segs_putchar
                0x0c100584                segs_status

.glue_7         0x0c1005ac        0x0
 .glue_7        0x00000000        0x0 linker stubs

.glue_7t        0x0c1005ac        0x0
 .glue_7t       0x00000000        0x0 linker stubs

.vfp11_veneer   0x0c1005ac        0x0
 .vfp11_veneer  0x00000000        0x0 linker stubs

.v4_bx          0x0c1005ac        0x0
 .v4_bx         0x00000000        0x0 linker stubs

.rodata         0x0c1005ac       0x10
 *(.rodata)
 .rodata        0x0c1005ac       0x10 ../../BSP/Debug\libBSP.a(segs.o)

.data           0x0c1005bc        0x0
 *(.data)
 .data          0x0c1005bc        0x0 ./lab3.o
 .data          0x0c1005bc        0x0 ./systemLab3.o
 .data          0x0c1005bc        0x0 ../../BSP/Debug\libBSP.a(leds.o)
 .data          0x0c1005bc        0x0 ../../BSP/Debug\libBSP.a(segs.o)

.bss            0x0c1005bc        0x3
 *(.bss)
 .bss           0x0c1005bc        0x0 ./lab3.o
 .bss           0x0c1005bc        0x0 ./systemLab3.o
 .bss           0x0c1005bc        0x2 ../../BSP/Debug\libBSP.a(leds.o)
 .bss           0x0c1005be        0x1 ../../BSP/Debug\libBSP.a(segs.o)
                0x0c1005bf                end = .
OUTPUT(lab3.elf elf32-littlearm)

.debug_abbrev   0x00000000      0x224
 .debug_abbrev  0x00000000       0x74 ./lab3.o
 .debug_abbrev  0x00000074       0x61 ./systemLab3.o
 .debug_abbrev  0x000000d5       0x9c ../../BSP/Debug\libBSP.a(leds.o)
 .debug_abbrev  0x00000171       0xb3 ../../BSP/Debug\libBSP.a(segs.o)

.debug_info     0x00000000      0x3b5
 .debug_info    0x00000000       0xbf ./lab3.o
 .debug_info    0x000000bf       0x96 ./systemLab3.o
 .debug_info    0x00000155      0x153 ../../BSP/Debug\libBSP.a(leds.o)
 .debug_info    0x000002a8      0x10d ../../BSP/Debug\libBSP.a(segs.o)

.debug_line     0x00000000      0x2a6
 .debug_line    0x00000000       0xc6 ./lab3.o
 .debug_line    0x000000c6       0x9d ./systemLab3.o
 .debug_line    0x00000163       0xb0 ../../BSP/Debug\libBSP.a(leds.o)
 .debug_line    0x00000213       0x93 ../../BSP/Debug\libBSP.a(segs.o)

.debug_macinfo  0x00000000     0xf7ea
 .debug_macinfo
                0x00000000     0x246d ./lab3.o
 .debug_macinfo
                0x0000246d     0x43da ./systemLab3.o
 .debug_macinfo
                0x00006847     0x432c ../../BSP/Debug\libBSP.a(leds.o)
 .debug_macinfo
                0x0000ab73     0x4c77 ../../BSP/Debug\libBSP.a(segs.o)

.debug_loc      0x00000000      0x23c
 .debug_loc     0x00000000       0x58 ./lab3.o
 .debug_loc     0x00000058       0x58 ./systemLab3.o
 .debug_loc     0x000000b0       0xdc ../../BSP/Debug\libBSP.a(leds.o)
 .debug_loc     0x0000018c       0xb0 ../../BSP/Debug\libBSP.a(segs.o)

.debug_pubnames
                0x00000000       0xe7
 .debug_pubnames
                0x00000000       0x25 ./lab3.o
 .debug_pubnames
                0x00000025       0x1f ./systemLab3.o
 .debug_pubnames
                0x00000044       0x55 ../../BSP/Debug\libBSP.a(leds.o)
 .debug_pubnames
                0x00000099       0x4e ../../BSP/Debug\libBSP.a(segs.o)

.debug_pubtypes
                0x00000000       0x87
 .debug_pubtypes
                0x00000000       0x27 ./lab3.o
 .debug_pubtypes
                0x00000027       0x1d ./systemLab3.o
 .debug_pubtypes
                0x00000044       0x27 ../../BSP/Debug\libBSP.a(leds.o)
 .debug_pubtypes
                0x0000006b       0x1c ../../BSP/Debug\libBSP.a(segs.o)

.debug_aranges  0x00000000       0x80
 .debug_aranges
                0x00000000       0x20 ./lab3.o
 .debug_aranges
                0x00000020       0x20 ./systemLab3.o
 .debug_aranges
                0x00000040       0x20 ../../BSP/Debug\libBSP.a(leds.o)
 .debug_aranges
                0x00000060       0x20 ../../BSP/Debug\libBSP.a(segs.o)

.debug_str      0x00000000      0x196
 .debug_str     0x00000000       0xaf ./lab3.o
                                 0xc8 (size before relaxing)
 .debug_str     0x000000af       0x23 ./systemLab3.o
                                 0xd0 (size before relaxing)
 .debug_str     0x000000d2       0x7b ../../BSP/Debug\libBSP.a(leds.o)
                                 0xfd (size before relaxing)
 .debug_str     0x0000014d       0x49 ../../BSP/Debug\libBSP.a(segs.o)
                                 0xf4 (size before relaxing)

.comment        0x00000000       0x2a
 .comment       0x00000000       0x2a ./lab3.o
                                 0x2b (size before relaxing)
 .comment       0x00000000       0x2b ./systemLab3.o
 .comment       0x00000000       0x2b ../../BSP/Debug\libBSP.a(leds.o)
 .comment       0x00000000       0x2b ../../BSP/Debug\libBSP.a(segs.o)

.ARM.attributes
                0x00000000       0x32
 .ARM.attributes
                0x00000000       0x32 ./lab3.o
 .ARM.attributes
                0x00000032       0x32 ./systemLab3.o
 .ARM.attributes
                0x00000064       0x32 ../../BSP/Debug\libBSP.a(leds.o)
 .ARM.attributes
                0x00000096       0x32 ../../BSP/Debug\libBSP.a(segs.o)

.debug_frame    0x00000000      0x1e4
 .debug_frame   0x00000000       0x54 ./lab3.o
 .debug_frame   0x00000054       0x50 ./systemLab3.o
 .debug_frame   0x000000a4       0xb0 ../../BSP/Debug\libBSP.a(leds.o)
 .debug_frame   0x00000154       0x90 ../../BSP/Debug\libBSP.a(segs.o)
