Archive member included because of file (symbol)

../../BSP/Debug\libBSP.a(iis.o)
                              ./lab9-wav.o (iis_init)
../../BSP/Debug\libBSP.a(keypad.o)
                              ./lab9-wav.o (keypad_init)
../../BSP/Debug\libBSP.a(pbs.o)
                              ./lab9-wav.o (pb_status)
../../BSP/Debug\libBSP.a(segs.o)
                              ./lab9-wav.o (segs_init)
../../BSP/Debug\libBSP.a(system.o)
                              ./lab9-wav.o (sys_init)
../../BSP/Debug\libBSP.a(timers.o)
                              ../../BSP/Debug\libBSP.a(keypad.o) (timers_init)
../../BSP/Debug\libBSP.a(uart.o)
                              ./lab9-wav.o (uart0_init)
../../BSP/Debug\libBSP.a(uda1341ts.o)
                              ./lab9-wav.o (uda1341ts_init)
../../BSP/Debug\libBSP.a(dma.o)
                              ../../BSP/Debug\libBSP.a(iis.o) (bdma0_init)
../../BSP/Debug\libBSP.a(l3.o)
                              ../../BSP/Debug\libBSP.a(uda1341ts.o) (L3_init)
../../BSP/Debug\libBSP.a(leds.o)
                              ../../BSP/Debug\libBSP.a(l3.o) (led_status)
c:/hlocal/eclipsearm/sourcery/bin/../lib/gcc/arm-none-eabi/4.5.2\libgcc.a(_udivsi3.o)
                              ../../BSP/Debug\libBSP.a(timers.o) (__aeabi_uidiv)
c:/hlocal/eclipsearm/sourcery/bin/../lib/gcc/arm-none-eabi/4.5.2\libgcc.a(_dvmd_tls.o)
                              c:/hlocal/eclipsearm/sourcery/bin/../lib/gcc/arm-none-eabi/4.5.2\libgcc.a(_udivsi3.o) (__aeabi_idiv0)
c:/hlocal/eclipsearm/sourcery/bin/../lib/gcc/arm-none-eabi/4.5.2\libgcc.a(_aeabi_uldivmod.o)
                              ../../BSP/Debug\libBSP.a(timers.o) (__aeabi_uldivmod)
c:/hlocal/eclipsearm/sourcery/bin/../lib/gcc/arm-none-eabi/4.5.2\libgcc.a(bpabi.o)
                              c:/hlocal/eclipsearm/sourcery/bin/../lib/gcc/arm-none-eabi/4.5.2\libgcc.a(_aeabi_uldivmod.o) (__gnu_uldivmod_helper)
c:/hlocal/eclipsearm/sourcery/bin/../lib/gcc/arm-none-eabi/4.5.2\libgcc.a(_divdi3.o)
                              c:/hlocal/eclipsearm/sourcery/bin/../lib/gcc/arm-none-eabi/4.5.2\libgcc.a(bpabi.o) (__divdi3)
c:/hlocal/eclipsearm/sourcery/bin/../lib/gcc/arm-none-eabi/4.5.2\libgcc.a(_udivdi3.o)
                              c:/hlocal/eclipsearm/sourcery/bin/../lib/gcc/arm-none-eabi/4.5.2\libgcc.a(bpabi.o) (__udivdi3)
c:/hlocal/eclipsearm/sourcery/bin/../lib/gcc/arm-none-eabi/4.5.2\libgcc.a(_clzsi2.o)
                              c:/hlocal/eclipsearm/sourcery/bin/../lib/gcc/arm-none-eabi/4.5.2\libgcc.a(_divdi3.o) (__clzsi2)

Memory Configuration

Name             Origin             Length             Attributes
*default*        0x00000000         0xffffffff

Linker script and memory map

LOAD ./lab9-wav.o
LOAD ../../BSP/Debug\libBSP.a
START GROUP
LOAD c:/hlocal/eclipsearm/sourcery/bin/../lib/gcc/arm-none-eabi/4.5.2\libgcc.a
LOAD c:/hlocal/eclipsearm/sourcery/bin/../lib/gcc/arm-none-eabi/4.5.2/../../../../arm-none-eabi/lib\libc.a
END GROUP
                0x0c100000                . = 0xc100000

.text           0x0c100000     0x46b0
 *(.text)
 .text          0x0c100000      0x768 ./lab9-wav.o
                0x0c100000                main
 .text          0x0c100768      0x6d8 ../../BSP/Debug\libBSP.a(iis.o)
                0x0c100768                iis_init
                0x0c1008a0                iis_putSample
                0x0c100908                iis_getSample
                0x0c10097c                iis_play
                0x0c100b10                iis_rec
                0x0c100c90                iis_pause
                0x0c100cd0                iis_continue
                0x0c100d10                iis_status
                0x0c100d38                iis_playwawFile
 .text          0x0c100e40      0x69c ../../BSP/Debug\libBSP.a(keypad.o)
                0x0c100e40                keypad_scan
                0x0c101064                keypad_status
                0x0c1010d8                keypad_open
                0x0c101130                keypad_close
                0x0c101174                keypad_init
                0x0c1011ac                keypad_wait_keydown
                0x0c101230                keypad_wait_keyup
                0x0c101284                keypad_wait_any_keydown
                0x0c1012b0                keypad_wait_any_keyup
                0x0c10130c                keypad_getchar
                0x0c101380                keypad_getchartime
                0x0c101428                keypad_timeout_getchar
 .text          0x0c1014dc      0x5c8 ../../BSP/Debug\libBSP.a(pbs.o)
                0x0c1014dc                pbs_init
                0x0c1014f8                pb_scan
                0x0c101554                pb_status
                0x0c1015d8                pb_wait_keydown
                0x0c101640                pb_wait_keyup
                0x0c1016e8                pb_wait_any_keydown
                0x0c101730                pb_wait_any_keyup
                0x0c1017ac                pb_getchar
                0x0c101848                pb_getchartime
                0x0c101904                pb_timeout_getchar
                0x0c1019f8                pbs_open
                0x0c101a60                pbs_close
 .text          0x0c101aa4       0xd4 ../../BSP/Debug\libBSP.a(segs.o)
                0x0c101aa4                segs_init
                0x0c101ac0                segs_off
                0x0c101af8                segs_putchar
                0x0c101b50                segs_status
 .text          0x0c101b78      0x970 ../../BSP/Debug\libBSP.a(system.o)
                0x0c101b78                sys_init
                0x0c101f20                isr_SWI_dummy
                0x0c101f4c                isr_UNDEF_dummy
                0x0c101f78                isr_IRQ_dummy
                0x0c101fa4                isr_FIQ_dummy
                0x0c101fd0                isr_PABORT_dummy
                0x0c101ffc                isr_DABORT_dummy
                0x0c102028                isr_ADC_dummy
                0x0c102054                isr_RTC_dummy
                0x0c102080                isr_UTXD1_dummy
                0x0c1020ac                isr_UTXD0_dummy
                0x0c1020d8                isr_SIO_dummy
                0x0c102104                isr_IIC_dummy
                0x0c102130                isr_URXD1_dummy
                0x0c10215c                isr_URXD0_dummy
                0x0c102188                isr_TIMER5_dummy
                0x0c1021b4                isr_TIMER4_dummy
                0x0c1021e0                isr_TIMER3_dummy
                0x0c10220c                isr_TIMER2_dummy
                0x0c102238                isr_TIMER1_dummy
                0x0c102264                isr_TIMER0_dummy
                0x0c102290                isr_UERR01_dummy
                0x0c1022bc                isr_WDT_dummy
                0x0c1022e8                isr_BDMA1_dummy
                0x0c102314                isr_BDMA0_dummy
                0x0c102340                isr_ZDMA1_dummy
                0x0c10236c                isr_ZDMA0_dummy
                0x0c102398                isr_TICK_dummy
                0x0c1023c4                isr_PB_dummy
                0x0c1023f0                isr_ETHERNET_dummy
                0x0c10241c                isr_TS_dummy
                0x0c102448                isr_KEYPAD_dummy
                0x0c102474                isr_USB_dummy
                0x0c1024b8                sleep
 .text          0x0c1024e8      0xa18 ../../BSP/Debug\libBSP.a(timers.o)
                0x0c1024e8                timers_init
                0x0c1026a8                timer3_delay_ms
                0x0c10278c                sw_delay_ms
                0x0c1027e4                timer3_delay_s
                0x0c1028d0                sw_delay_s
                0x0c102928                timer3_start
                0x0c1029d8                timer3_stop
                0x0c102a2c                timer3_start_timeout
                0x0c102ae4                timer3_timeout
                0x0c102b20                timer0_open_tick
                0x0c102d6c                timer0_open_ms
                0x0c102e68                timer0_close
 .text          0x0c102f00      0x4c4 ../../BSP/Debug\libBSP.a(uart.o)
                0x0c102f00                uart0_init
                0x0c102f64                uart0_putchar
                0x0c102fb4                uart0_getchar
                0x0c102ffc                uart0_puts
                0x0c10304c                uart0_putint
                0x0c103158                uart0_puthex
                0x0c103210                uart0_gets
                0x0c103280                uart0_getint
                0x0c103328                uart0_gethex
 .text          0x0c1033c4      0x270 ../../BSP/Debug\libBSP.a(uda1341ts.o)
                0x0c1033c4                uda1341ts_init
                0x0c103440                uda1341ts_mute
                0x0c103498                uda1341ts_on
                0x0c103508                uda1341ts_off
                0x0c103578                uda1341ts_status
                0x0c1035ac                uda1341ts_setvol
                0x0c10360c                uda1341ts_getvol
 .text          0x0c103634       0xfc ../../BSP/Debug\libBSP.a(dma.o)
                0x0c103634                bdma0_init
                0x0c103688                bdma0_open
                0x0c1036ec                bdma0_close
 .text          0x0c103730      0x26c ../../BSP/Debug\libBSP.a(l3.o)
                0x0c103730                L3_init
                0x0c1037d8                L3_putByte
 .text          0x0c10399c      0x21c ../../BSP/Debug\libBSP.a(leds.o)
                0x0c10399c                leds_init
                0x0c1039c4                led_on
                0x0c103a48                led_off
                0x0c103acc                led_toggle
                0x0c103b64                led_status
 .text          0x0c103bb8      0x114 c:/hlocal/eclipsearm/sourcery/bin/../lib/gcc/arm-none-eabi/4.5.2\libgcc.a(_udivsi3.o)
                0x0c103bb8                __aeabi_uidiv
                0x0c103bb8                __udivsi3
                0x0c103cac                __aeabi_uidivmod
 .text          0x0c103ccc        0x4 c:/hlocal/eclipsearm/sourcery/bin/../lib/gcc/arm-none-eabi/4.5.2\libgcc.a(_dvmd_tls.o)
                0x0c103ccc                __aeabi_idiv0
                0x0c103ccc                __aeabi_ldiv0
 .text          0x0c103cd0       0x3c c:/hlocal/eclipsearm/sourcery/bin/../lib/gcc/arm-none-eabi/4.5.2\libgcc.a(_aeabi_uldivmod.o)
                0x0c103cd0                __aeabi_uldivmod
 .text          0x0c103d0c       0x80 c:/hlocal/eclipsearm/sourcery/bin/../lib/gcc/arm-none-eabi/4.5.2\libgcc.a(bpabi.o)
                0x0c103d0c                __gnu_ldivmod_helper
                0x0c103d4c                __gnu_uldivmod_helper
 .text          0x0c103d8c      0x4a8 c:/hlocal/eclipsearm/sourcery/bin/../lib/gcc/arm-none-eabi/4.5.2\libgcc.a(_divdi3.o)
                0x0c103d8c                __divdi3
 .text          0x0c104234      0x434 c:/hlocal/eclipsearm/sourcery/bin/../lib/gcc/arm-none-eabi/4.5.2\libgcc.a(_udivdi3.o)
                0x0c104234                __udivdi3
 .text          0x0c104668       0x48 c:/hlocal/eclipsearm/sourcery/bin/../lib/gcc/arm-none-eabi/4.5.2\libgcc.a(_clzsi2.o)
                0x0c104668                __clzsi2

.glue_7         0x0c1046b0        0x0
 .glue_7        0x00000000        0x0 linker stubs

.glue_7t        0x0c1046b0        0x0
 .glue_7t       0x00000000        0x0 linker stubs

.vfp11_veneer   0x0c1046b0        0x0
 .vfp11_veneer  0x00000000        0x0 linker stubs

.v4_bx          0x0c1046b0        0x0
 .v4_bx         0x00000000        0x0 linker stubs

.rodata         0x0c1046b0      0xa0c
 *(.rodata)
 .rodata        0x0c1046b0      0x424 ./lab9-wav.o
 .rodata        0x0c104ad4       0x10 ../../BSP/Debug\libBSP.a(segs.o)
 .rodata        0x0c104ae4      0x5d8 ../../BSP/Debug\libBSP.a(system.o)

.ARM.extab      0x0c1050bc        0x0
 .ARM.extab     0x0c1050bc        0x0 c:/hlocal/eclipsearm/sourcery/bin/../lib/gcc/arm-none-eabi/4.5.2\libgcc.a(_divdi3.o)
 .ARM.extab     0x0c1050bc        0x0 c:/hlocal/eclipsearm/sourcery/bin/../lib/gcc/arm-none-eabi/4.5.2\libgcc.a(_udivdi3.o)

.ARM.exidx      0x0c1050bc        0x8
 .ARM.exidx     0x0c1050bc        0x8 c:/hlocal/eclipsearm/sourcery/bin/../lib/gcc/arm-none-eabi/4.5.2\libgcc.a(_divdi3.o)
 .ARM.exidx     0x0c1050c4        0x0 c:/hlocal/eclipsearm/sourcery/bin/../lib/gcc/arm-none-eabi/4.5.2\libgcc.a(_udivdi3.o)
                                  0x8 (size before relaxing)

.data           0x0c1050c4        0x0
 *(.data)
 .data          0x0c1050c4        0x0 ./lab9-wav.o
 .data          0x0c1050c4        0x0 ../../BSP/Debug\libBSP.a(iis.o)
 .data          0x0c1050c4        0x0 ../../BSP/Debug\libBSP.a(keypad.o)
 .data          0x0c1050c4        0x0 ../../BSP/Debug\libBSP.a(pbs.o)
 .data          0x0c1050c4        0x0 ../../BSP/Debug\libBSP.a(segs.o)
 .data          0x0c1050c4        0x0 ../../BSP/Debug\libBSP.a(system.o)
 .data          0x0c1050c4        0x0 ../../BSP/Debug\libBSP.a(timers.o)
 .data          0x0c1050c4        0x0 ../../BSP/Debug\libBSP.a(uart.o)
 .data          0x0c1050c4        0x0 ../../BSP/Debug\libBSP.a(uda1341ts.o)
 .data          0x0c1050c4        0x0 ../../BSP/Debug\libBSP.a(dma.o)
 .data          0x0c1050c4        0x0 ../../BSP/Debug\libBSP.a(l3.o)
 .data          0x0c1050c4        0x0 ../../BSP/Debug\libBSP.a(leds.o)
 .data          0x0c1050c4        0x0 c:/hlocal/eclipsearm/sourcery/bin/../lib/gcc/arm-none-eabi/4.5.2\libgcc.a(_udivsi3.o)
 .data          0x0c1050c4        0x0 c:/hlocal/eclipsearm/sourcery/bin/../lib/gcc/arm-none-eabi/4.5.2\libgcc.a(_dvmd_tls.o)
 .data          0x0c1050c4        0x0 c:/hlocal/eclipsearm/sourcery/bin/../lib/gcc/arm-none-eabi/4.5.2\libgcc.a(_aeabi_uldivmod.o)
 .data          0x0c1050c4        0x0 c:/hlocal/eclipsearm/sourcery/bin/../lib/gcc/arm-none-eabi/4.5.2\libgcc.a(bpabi.o)
 .data          0x0c1050c4        0x0 c:/hlocal/eclipsearm/sourcery/bin/../lib/gcc/arm-none-eabi/4.5.2\libgcc.a(_divdi3.o)
 .data          0x0c1050c4        0x0 c:/hlocal/eclipsearm/sourcery/bin/../lib/gcc/arm-none-eabi/4.5.2\libgcc.a(_udivdi3.o)
 .data          0x0c1050c4        0x0 c:/hlocal/eclipsearm/sourcery/bin/../lib/gcc/arm-none-eabi/4.5.2\libgcc.a(_clzsi2.o)

.bss            0x0c1050c4       0x10
 *(.bss)
 .bss           0x0c1050c4        0x0 ./lab9-wav.o
 .bss           0x0c1050c4        0x2 ../../BSP/Debug\libBSP.a(iis.o)
 .bss           0x0c1050c6        0x0 ../../BSP/Debug\libBSP.a(keypad.o)
 .bss           0x0c1050c6        0x0 ../../BSP/Debug\libBSP.a(pbs.o)
 .bss           0x0c1050c6        0x1 ../../BSP/Debug\libBSP.a(segs.o)
 .bss           0x0c1050c7        0x0 ../../BSP/Debug\libBSP.a(system.o)
 *fill*         0x0c1050c7        0x1 00
 .bss           0x0c1050c8        0x8 ../../BSP/Debug\libBSP.a(timers.o)
 .bss           0x0c1050d0        0x0 ../../BSP/Debug\libBSP.a(uart.o)
 .bss           0x0c1050d0        0x2 ../../BSP/Debug\libBSP.a(uda1341ts.o)
 .bss           0x0c1050d2        0x0 ../../BSP/Debug\libBSP.a(dma.o)
 .bss           0x0c1050d2        0x0 ../../BSP/Debug\libBSP.a(l3.o)
 .bss           0x0c1050d2        0x2 ../../BSP/Debug\libBSP.a(leds.o)
 .bss           0x0c1050d4        0x0 c:/hlocal/eclipsearm/sourcery/bin/../lib/gcc/arm-none-eabi/4.5.2\libgcc.a(_udivsi3.o)
 .bss           0x0c1050d4        0x0 c:/hlocal/eclipsearm/sourcery/bin/../lib/gcc/arm-none-eabi/4.5.2\libgcc.a(_dvmd_tls.o)
 .bss           0x0c1050d4        0x0 c:/hlocal/eclipsearm/sourcery/bin/../lib/gcc/arm-none-eabi/4.5.2\libgcc.a(_aeabi_uldivmod.o)
 .bss           0x0c1050d4        0x0 c:/hlocal/eclipsearm/sourcery/bin/../lib/gcc/arm-none-eabi/4.5.2\libgcc.a(bpabi.o)
 .bss           0x0c1050d4        0x0 c:/hlocal/eclipsearm/sourcery/bin/../lib/gcc/arm-none-eabi/4.5.2\libgcc.a(_divdi3.o)
 .bss           0x0c1050d4        0x0 c:/hlocal/eclipsearm/sourcery/bin/../lib/gcc/arm-none-eabi/4.5.2\libgcc.a(_udivdi3.o)
 .bss           0x0c1050d4        0x0 c:/hlocal/eclipsearm/sourcery/bin/../lib/gcc/arm-none-eabi/4.5.2\libgcc.a(_clzsi2.o)
                0x0c1050d4                end = .
OUTPUT(lab9-wav.elf elf32-littlearm)

.debug_abbrev   0x00000000      0x879
 .debug_abbrev  0x00000000       0x6c ./lab9-wav.o
 .debug_abbrev  0x0000006c       0xd4 ../../BSP/Debug\libBSP.a(iis.o)
 .debug_abbrev  0x00000140       0xe1 ../../BSP/Debug\libBSP.a(keypad.o)
 .debug_abbrev  0x00000221       0xd2 ../../BSP/Debug\libBSP.a(pbs.o)
 .debug_abbrev  0x000002f3       0xb3 ../../BSP/Debug\libBSP.a(segs.o)
 .debug_abbrev  0x000003a6       0x89 ../../BSP/Debug\libBSP.a(system.o)
 .debug_abbrev  0x0000042f       0xdd ../../BSP/Debug\libBSP.a(timers.o)
 .debug_abbrev  0x0000050c       0xe5 ../../BSP/Debug\libBSP.a(uart.o)
 .debug_abbrev  0x000005f1       0xc2 ../../BSP/Debug\libBSP.a(uda1341ts.o)
 .debug_abbrev  0x000006b3       0x84 ../../BSP/Debug\libBSP.a(dma.o)
 .debug_abbrev  0x00000737       0xa6 ../../BSP/Debug\libBSP.a(l3.o)
 .debug_abbrev  0x000007dd       0x9c ../../BSP/Debug\libBSP.a(leds.o)

.debug_info     0x00000000     0x169b
 .debug_info    0x00000000       0xc2 ./lab9-wav.o
 .debug_info    0x000000c2      0x29c ../../BSP/Debug\libBSP.a(iis.o)
 .debug_info    0x0000035e      0x24f ../../BSP/Debug\libBSP.a(keypad.o)
 .debug_info    0x000005ad      0x240 ../../BSP/Debug\libBSP.a(pbs.o)
 .debug_info    0x000007ed      0x10d ../../BSP/Debug\libBSP.a(segs.o)
 .debug_info    0x000008fa      0x38d ../../BSP/Debug\libBSP.a(system.o)
 .debug_info    0x00000c87      0x29d ../../BSP/Debug\libBSP.a(timers.o)
 .debug_info    0x00000f24      0x278 ../../BSP/Debug\libBSP.a(uart.o)
 .debug_info    0x0000119c      0x188 ../../BSP/Debug\libBSP.a(uda1341ts.o)
 .debug_info    0x00001324       0xc7 ../../BSP/Debug\libBSP.a(dma.o)
 .debug_info    0x000013eb      0x15d ../../BSP/Debug\libBSP.a(l3.o)
 .debug_info    0x00001548      0x153 ../../BSP/Debug\libBSP.a(leds.o)

.debug_line     0x00000000      0xd64
 .debug_line    0x00000000      0x1a5 ./lab9-wav.o
 .debug_line    0x000001a5      0x128 ../../BSP/Debug\libBSP.a(iis.o)
 .debug_line    0x000002cd      0x167 ../../BSP/Debug\libBSP.a(keypad.o)
 .debug_line    0x00000434      0x18d ../../BSP/Debug\libBSP.a(pbs.o)
 .debug_line    0x000005c1       0x93 ../../BSP/Debug\libBSP.a(segs.o)
 .debug_line    0x00000654      0x1d8 ../../BSP/Debug\libBSP.a(system.o)
 .debug_line    0x0000082c      0x17f ../../BSP/Debug\libBSP.a(timers.o)
 .debug_line    0x000009ab      0x115 ../../BSP/Debug\libBSP.a(uart.o)
 .debug_line    0x00000ac0       0xa2 ../../BSP/Debug\libBSP.a(uda1341ts.o)
 .debug_line    0x00000b62       0x90 ../../BSP/Debug\libBSP.a(dma.o)
 .debug_line    0x00000bf2       0xc2 ../../BSP/Debug\libBSP.a(l3.o)
 .debug_line    0x00000cb4       0xb0 ../../BSP/Debug\libBSP.a(leds.o)

.debug_macinfo  0x00000000    0x35e57
 .debug_macinfo
                0x00000000     0x4fdc ./lab9-wav.o
 .debug_macinfo
                0x00004fdc     0x4c95 ../../BSP/Debug\libBSP.a(iis.o)
 .debug_macinfo
                0x00009c71     0x4e4c ../../BSP/Debug\libBSP.a(keypad.o)
 .debug_macinfo
                0x0000eabd     0x4d0b ../../BSP/Debug\libBSP.a(pbs.o)
 .debug_macinfo
                0x000137c8     0x4c77 ../../BSP/Debug\libBSP.a(segs.o)
 .debug_macinfo
                0x0001843f     0x530a ../../BSP/Debug\libBSP.a(system.o)
 .debug_macinfo
                0x0001d749     0x4c91 ../../BSP/Debug\libBSP.a(timers.o)
 .debug_macinfo
                0x000223da     0x430d ../../BSP/Debug\libBSP.a(uart.o)
 .debug_macinfo
                0x000266e7     0x244e ../../BSP/Debug\libBSP.a(uda1341ts.o)
 .debug_macinfo
                0x00028b35     0x4c64 ../../BSP/Debug\libBSP.a(dma.o)
 .debug_macinfo
                0x0002d799     0x4392 ../../BSP/Debug\libBSP.a(l3.o)
 .debug_macinfo
                0x00031b2b     0x432c ../../BSP/Debug\libBSP.a(leds.o)

.debug_loc      0x00000000     0x13c4
 .debug_loc     0x00000000       0x2c ./lab9-wav.o
 .debug_loc     0x0000002c      0x1b8 ../../BSP/Debug\libBSP.a(iis.o)
 .debug_loc     0x000001e4      0x210 ../../BSP/Debug\libBSP.a(keypad.o)
 .debug_loc     0x000003f4      0x210 ../../BSP/Debug\libBSP.a(pbs.o)
 .debug_loc     0x00000604       0xb0 ../../BSP/Debug\libBSP.a(segs.o)
 .debug_loc     0x000006b4      0x65c ../../BSP/Debug\libBSP.a(system.o)
 .debug_loc     0x00000d10      0x23c ../../BSP/Debug\libBSP.a(timers.o)
 .debug_loc     0x00000f4c      0x18c ../../BSP/Debug\libBSP.a(uart.o)
 .debug_loc     0x000010d8      0x134 ../../BSP/Debug\libBSP.a(uda1341ts.o)
 .debug_loc     0x0000120c       0x84 ../../BSP/Debug\libBSP.a(dma.o)
 .debug_loc     0x00001290       0x58 ../../BSP/Debug\libBSP.a(l3.o)
 .debug_loc     0x000012e8       0xdc ../../BSP/Debug\libBSP.a(leds.o)

.debug_pubnames
                0x00000000      0x884
 .debug_pubnames
                0x00000000       0x1b ./lab9-wav.o
 .debug_pubnames
                0x0000001b       0x9e ../../BSP/Debug\libBSP.a(iis.o)
 .debug_pubnames
                0x000000b9      0x10e ../../BSP/Debug\libBSP.a(keypad.o)
 .debug_pubnames
                0x000001c7       0xe1 ../../BSP/Debug\libBSP.a(pbs.o)
 .debug_pubnames
                0x000002a8       0x4e ../../BSP/Debug\libBSP.a(segs.o)
 .debug_pubnames
                0x000002f6      0x29d ../../BSP/Debug\libBSP.a(system.o)
 .debug_pubnames
                0x00000593       0xee ../../BSP/Debug\libBSP.a(timers.o)
 .debug_pubnames
                0x00000681       0xa7 ../../BSP/Debug\libBSP.a(uart.o)
 .debug_pubnames
                0x00000728       0x9a ../../BSP/Debug\libBSP.a(uda1341ts.o)
 .debug_pubnames
                0x000007c2       0x40 ../../BSP/Debug\libBSP.a(dma.o)
 .debug_pubnames
                0x00000802       0x2d ../../BSP/Debug\libBSP.a(l3.o)
 .debug_pubnames
                0x0000082f       0x55 ../../BSP/Debug\libBSP.a(leds.o)

.debug_pubtypes
                0x00000000      0x211
 .debug_pubtypes
                0x00000000       0x32 ./lab9-wav.o
 .debug_pubtypes
                0x00000032       0x31 ../../BSP/Debug\libBSP.a(iis.o)
 .debug_pubtypes
                0x00000063       0x32 ../../BSP/Debug\libBSP.a(keypad.o)
 .debug_pubtypes
                0x00000095       0x32 ../../BSP/Debug\libBSP.a(pbs.o)
 .debug_pubtypes
                0x000000c7       0x1c ../../BSP/Debug\libBSP.a(segs.o)
 .debug_pubtypes
                0x000000e3       0x27 ../../BSP/Debug\libBSP.a(system.o)
 .debug_pubtypes
                0x0000010a       0x3d ../../BSP/Debug\libBSP.a(timers.o)
 .debug_pubtypes
                0x00000147       0x3a ../../BSP/Debug\libBSP.a(uart.o)
 .debug_pubtypes
                0x00000181       0x1c ../../BSP/Debug\libBSP.a(uda1341ts.o)
 .debug_pubtypes
                0x0000019d       0x1d ../../BSP/Debug\libBSP.a(dma.o)
 .debug_pubtypes
                0x000001ba       0x30 ../../BSP/Debug\libBSP.a(l3.o)
 .debug_pubtypes
                0x000001ea       0x27 ../../BSP/Debug\libBSP.a(leds.o)

.debug_aranges  0x00000000      0x180
 .debug_aranges
                0x00000000       0x20 ./lab9-wav.o
 .debug_aranges
                0x00000020       0x20 ../../BSP/Debug\libBSP.a(iis.o)
 .debug_aranges
                0x00000040       0x20 ../../BSP/Debug\libBSP.a(keypad.o)
 .debug_aranges
                0x00000060       0x20 ../../BSP/Debug\libBSP.a(pbs.o)
 .debug_aranges
                0x00000080       0x20 ../../BSP/Debug\libBSP.a(segs.o)
 .debug_aranges
                0x000000a0       0x20 ../../BSP/Debug\libBSP.a(system.o)
 .debug_aranges
                0x000000c0       0x20 ../../BSP/Debug\libBSP.a(timers.o)
 .debug_aranges
                0x000000e0       0x20 ../../BSP/Debug\libBSP.a(uart.o)
 .debug_aranges
                0x00000100       0x20 ../../BSP/Debug\libBSP.a(uda1341ts.o)
 .debug_aranges
                0x00000120       0x20 ../../BSP/Debug\libBSP.a(dma.o)
 .debug_aranges
                0x00000140       0x20 ../../BSP/Debug\libBSP.a(l3.o)
 .debug_aranges
                0x00000160       0x20 ../../BSP/Debug\libBSP.a(leds.o)

.debug_str      0x00000000      0x84a
 .debug_str     0x00000000       0xb7 ./lab9-wav.o
                                 0xd6 (size before relaxing)
 .debug_str     0x000000b7       0xde ../../BSP/Debug\libBSP.a(iis.o)
                                0x169 (size before relaxing)
 .debug_str     0x00000195       0xec ../../BSP/Debug\libBSP.a(keypad.o)
                                0x1a3 (size before relaxing)
 .debug_str     0x00000281       0xac ../../BSP/Debug\libBSP.a(pbs.o)
                                0x16e (size before relaxing)
 .debug_str     0x0000032d       0x49 ../../BSP/Debug\libBSP.a(segs.o)
                                 0xf4 (size before relaxing)
 .debug_str     0x00000376      0x23d ../../BSP/Debug\libBSP.a(system.o)
                                0x2ef (size before relaxing)
 .debug_str     0x000005b3       0xe0 ../../BSP/Debug\libBSP.a(timers.o)
                                0x19e (size before relaxing)
 .debug_str     0x00000693       0x7f ../../BSP/Debug\libBSP.a(uart.o)
                                0x141 (size before relaxing)
 .debug_str     0x00000712       0x90 ../../BSP/Debug\libBSP.a(uda1341ts.o)
                                0x141 (size before relaxing)
 .debug_str     0x000007a2       0x2f ../../BSP/Debug\libBSP.a(dma.o)
                                 0xdb (size before relaxing)
 .debug_str     0x000007d1       0x2e ../../BSP/Debug\libBSP.a(l3.o)
                                 0xea (size before relaxing)
 .debug_str     0x000007ff       0x4b ../../BSP/Debug\libBSP.a(leds.o)
                                 0xfd (size before relaxing)

.comment        0x00000000       0x2a
 .comment       0x00000000       0x2a ./lab9-wav.o
                                 0x2b (size before relaxing)
 .comment       0x00000000       0x2b ../../BSP/Debug\libBSP.a(iis.o)
 .comment       0x00000000       0x2b ../../BSP/Debug\libBSP.a(keypad.o)
 .comment       0x00000000       0x2b ../../BSP/Debug\libBSP.a(pbs.o)
 .comment       0x00000000       0x2b ../../BSP/Debug\libBSP.a(segs.o)
 .comment       0x00000000       0x2b ../../BSP/Debug\libBSP.a(system.o)
 .comment       0x00000000       0x2b ../../BSP/Debug\libBSP.a(timers.o)
 .comment       0x00000000       0x2b ../../BSP/Debug\libBSP.a(uart.o)
 .comment       0x00000000       0x2b ../../BSP/Debug\libBSP.a(uda1341ts.o)
 .comment       0x00000000       0x2b ../../BSP/Debug\libBSP.a(dma.o)
 .comment       0x00000000       0x2b ../../BSP/Debug\libBSP.a(l3.o)
 .comment       0x00000000       0x2b ../../BSP/Debug\libBSP.a(leds.o)

.ARM.attributes
                0x00000000       0x32
 .ARM.attributes
                0x00000000       0x32 ./lab9-wav.o
 .ARM.attributes
                0x00000032       0x32 ../../BSP/Debug\libBSP.a(iis.o)
 .ARM.attributes
                0x00000064       0x32 ../../BSP/Debug\libBSP.a(keypad.o)
 .ARM.attributes
                0x00000096       0x32 ../../BSP/Debug\libBSP.a(pbs.o)
 .ARM.attributes
                0x000000c8       0x32 ../../BSP/Debug\libBSP.a(segs.o)
 .ARM.attributes
                0x000000fa       0x32 ../../BSP/Debug\libBSP.a(system.o)
 .ARM.attributes
                0x0000012c       0x32 ../../BSP/Debug\libBSP.a(timers.o)
 .ARM.attributes
                0x0000015e       0x32 ../../BSP/Debug\libBSP.a(uart.o)
 .ARM.attributes
                0x00000190       0x32 ../../BSP/Debug\libBSP.a(uda1341ts.o)
 .ARM.attributes
                0x000001c2       0x32 ../../BSP/Debug\libBSP.a(dma.o)
 .ARM.attributes
                0x000001f4       0x32 ../../BSP/Debug\libBSP.a(l3.o)
 .ARM.attributes
                0x00000226       0x32 ../../BSP/Debug\libBSP.a(leds.o)
 .ARM.attributes
                0x00000258       0x1a c:/hlocal/eclipsearm/sourcery/bin/../lib/gcc/arm-none-eabi/4.5.2\libgcc.a(_udivsi3.o)
 .ARM.attributes
                0x00000272       0x18 c:/hlocal/eclipsearm/sourcery/bin/../lib/gcc/arm-none-eabi/4.5.2\libgcc.a(_dvmd_tls.o)
 .ARM.attributes
                0x0000028a       0x1a c:/hlocal/eclipsearm/sourcery/bin/../lib/gcc/arm-none-eabi/4.5.2\libgcc.a(_aeabi_uldivmod.o)
 .ARM.attributes
                0x000002a4       0x34 c:/hlocal/eclipsearm/sourcery/bin/../lib/gcc/arm-none-eabi/4.5.2\libgcc.a(bpabi.o)
 .ARM.attributes
                0x000002d8       0x34 c:/hlocal/eclipsearm/sourcery/bin/../lib/gcc/arm-none-eabi/4.5.2\libgcc.a(_divdi3.o)
 .ARM.attributes
                0x0000030c       0x34 c:/hlocal/eclipsearm/sourcery/bin/../lib/gcc/arm-none-eabi/4.5.2\libgcc.a(_udivdi3.o)
 .ARM.attributes
                0x00000340       0x1a c:/hlocal/eclipsearm/sourcery/bin/../lib/gcc/arm-none-eabi/4.5.2\libgcc.a(_clzsi2.o)

.debug_frame    0x00000000     0x119c
 .debug_frame   0x00000000       0x30 ./lab9-wav.o
 .debug_frame   0x00000030      0x158 ../../BSP/Debug\libBSP.a(iis.o)
 .debug_frame   0x00000188      0x190 ../../BSP/Debug\libBSP.a(keypad.o)
 .debug_frame   0x00000318      0x190 ../../BSP/Debug\libBSP.a(pbs.o)
 .debug_frame   0x000004a8       0x90 ../../BSP/Debug\libBSP.a(segs.o)
 .debug_frame   0x00000538      0x630 ../../BSP/Debug\libBSP.a(system.o)
 .debug_frame   0x00000b68      0x1b8 ../../BSP/Debug\libBSP.a(timers.o)
 .debug_frame   0x00000d20      0x134 ../../BSP/Debug\libBSP.a(uart.o)
 .debug_frame   0x00000e54       0xf0 ../../BSP/Debug\libBSP.a(uda1341ts.o)
 .debug_frame   0x00000f44       0x70 ../../BSP/Debug\libBSP.a(dma.o)
 .debug_frame   0x00000fb4       0x50 ../../BSP/Debug\libBSP.a(l3.o)
 .debug_frame   0x00001004       0xb0 ../../BSP/Debug\libBSP.a(leds.o)
 .debug_frame   0x000010b4       0x20 c:/hlocal/eclipsearm/sourcery/bin/../lib/gcc/arm-none-eabi/4.5.2\libgcc.a(_udivsi3.o)
 .debug_frame   0x000010d4       0x50 c:/hlocal/eclipsearm/sourcery/bin/../lib/gcc/arm-none-eabi/4.5.2\libgcc.a(bpabi.o)
 .debug_frame   0x00001124       0x3c c:/hlocal/eclipsearm/sourcery/bin/../lib/gcc/arm-none-eabi/4.5.2\libgcc.a(_divdi3.o)
 .debug_frame   0x00001160       0x3c c:/hlocal/eclipsearm/sourcery/bin/../lib/gcc/arm-none-eabi/4.5.2\libgcc.a(_udivdi3.o)
